<html>
<body>
<pre>
<h1>µVision Build Log</h1>
<h2>Tool Versions:</h2>
IDE-Version: µVision V5.22.0.0
Copyright (C) 2016 ARM Ltd and ARM Germany GmbH. All rights reserved.
License Information: we we, we, LIC=8MZAR-KRIT2-PGF7L-0NAIG-9UMXC-S74JC
 
Tool Versions:
Toolchain:       MDK-ARM Professional  Version: 5.22
Toolchain Path:  C:\Keil_v5_1\ARM\ARMCC\Bin
C Compiler:      Armcc.exe V5.06 update 4 (build 422)
Assembler:       Armasm.exe V5.06 update 4 (build 422)
Linker/Locator:  ArmLink.exe V5.06 update 4 (build 422)
Library Manager: ArmAr.exe V5.06 update 4 (build 422)
Hex Converter:   FromElf.exe V5.06 update 4 (build 422)
CPU DLL:         SARMCM3.DLL V5.22
Dialog DLL:      DCM.DLL V1.13.9.0
Target DLL:      Segger\JL2CM3.dll V2.99.23.0
Dialog DLL:      TCM.DLL V1.21.0.0
 
<h2>Project:</h2>
D:\programlar\RF Coklu proje\Humidity_Controller\Keil MDK\Humidity\arm\weatherstation.uvprojx
Project File Date:  08/26/2017

<h2>Output:</h2>
*** Using Compiler 'V5.06 update 4 (build 422)', folder: 'C:\Keil_v5_1\ARM\ARMCC\Bin'
Build target 'weatherstation'
compiling weatherstation.c...
..\si7021.h(48): warning:  #47-D: incompatible redefinition of macro "SI7021_DEVICE_ID"  (declared at line 51 of "..\common\drivers\si7013.h")
  #define SI7021_DEVICE_ID               SI7021_CONFIG_DEVICE_ID          /**< Si7021 device ID                        */
..\nrf24l01.h(47): warning:  #1-D: last line of file ends without a newline
  #endif
..\lcd.h(73): warning:  #1-D: last line of file ends without a newline
  #endif
..\weatherstation.c(48): warning:  #47-D: incompatible redefinition of macro "EFM32_HFXO_FREQ" 
  #define EFM32_HFXO_FREQ				24000000UL
..\weatherstation.c(260): warning:  #223-D: function "sprintf" declared implicitly
  			sprintf(data11,"RH   = %2.1f RH",humudity);
..\weatherstation.c(303): warning:  #223-D: function "sprintf" declared implicitly
  							sprintf((char *)metin,"<html><body>Sistem Resetlendi</body></html>");
..\weatherstation.c(316): warning:  #223-D: function "sprintf" declared implicitly
  							sprintf((char *)metin,"<html><body>Led Yandi.</body></html>");
..\weatherstation.c(329): warning:  #223-D: function "sprintf" declared implicitly
  							sprintf(metin,"<html><body>Led Sondu.</body></html>");
..\weatherstation.c(342): warning:  #223-D: function "sprintf" declared implicitly
  							sprintf(metin,"<html><head>Hata Resetlendi</head></html>");
..\weatherstation.c(355): warning:  #223-D: function "sprintf" declared implicitly
  							sprintf(metin,"<html><head>WIFI Resetlendi</head></html>");
..\weatherstation.c(376): warning:  #223-D: function "sprintf" declared implicitly
  						sprintf(at1,(char *)" %02ud%02uh%02um%02us Sicaklik=%2.2f °C Nem=%2.1f RH Basinc=%4.1f mBar reset=0x%04x ",gun,saat,dakika,saniye,int_temp,int_hum,int_pres,reset);
..\weatherstation.c(173): warning:  #550-D: variable "vBat"  was set but never used
  	uint8_t vBat=0;
..\weatherstation.c(179): warning:  #177-D: variable "wifi"  was declared but never referenced
  	char wifi[]={"AT+CWJAP?\r\n"};
..\weatherstation.c(668): warning:  #177-D: variable "rxdata"  was declared but never referenced
    uint8_t       rxdata;
..\weatherstation.c(948): warning:  #127-D: expected a statement
  }
..\weatherstation.c(759): warning:  #177-D: variable "komut2"  was declared but never referenced
  	char komut2[]={"AT+CWMODE?\r\n"};
..\weatherstation.c(771): warning:  #177-D: variable "komut8"  was declared but never referenced
  	char komut8[]={"AT+UART=9600,8,1,0,0\r\n"};
..\weatherstation.c(1033): warning:  #174-D: expression has no effect
  		
_NOP;
..\weatherstation.c(1049): warning:  #1-D: last line of file ends without a newline
  }
..\weatherstation.c(1049): warning:  #940-D: missing return statement at end of non-void function "get_compare" 
  }
..\weatherstation.c: 20 warnings, 0 errors
linking...
Program Size: Code=22522 RO-data=510 RW-data=276 ZI-data=1676  
FromELF: creating hex file...
After Build - User command #1: fromelf.exe --bin --output obj\weatherstation.bin obj\weatherstation.axf
".\obj\weatherstation.axf" - 0 Error(s), 20 Warning(s).

<h2>Collection of Component include folders:</h2>
  D:\programlar\RF Coklu proje\Humidity_Controller\Keil MDK\Humidity\arm\RTE\_weatherstation
  C:\Keil_v5_1\ARM\PACK\Keil\EFM32ZGxxx_DFP\1.2.0\Device\EFM32ZG\Include

<h2>Collection of Component Files used:</h2>
Build Time Elapsed:  00:01:17
</pre>
</body>
</html>
