<!doctype html public "-//w3c//dtd html 4.0 transitional//en">
<html><head>
<title>Static Call Graph - [.\obj\weatherstation.axf]</title></head>
<body><HR>
<H1>Static Call Graph for image .\obj\weatherstation.axf</H1><HR>
<BR><P>#&#060CALLGRAPH&#062# ARM Linker, 5060422: Last Updated: Mon Oct 02 23:18:55 2017
<BR><P>
<H3>Maximum Stack Usage =        480 bytes + Unknown(Cycles, Untraceable Function Pointers)</H3><H3>
Call chain for Maximum Stack Depth:</H3>
main &rArr; esp_8266 &rArr; lcd_git_xy &rArr; lcd_komut &rArr; GPIO_WriteBit &rArr; GPIO_PinOutClear
<P>
<H3>
Mutually Recursive functions
</H3> <LI><a href="#[1]">NMI_Handler</a>&nbsp;&nbsp;&nbsp;&rArr;&nbsp;&nbsp;&nbsp;<a href="#[1]">NMI_Handler</a><BR>
 <LI><a href="#[2]">HardFault_Handler</a>&nbsp;&nbsp;&nbsp;&rArr;&nbsp;&nbsp;&nbsp;<a href="#[2]">HardFault_Handler</a><BR>
 <LI><a href="#[3]">SVC_Handler</a>&nbsp;&nbsp;&nbsp;&rArr;&nbsp;&nbsp;&nbsp;<a href="#[3]">SVC_Handler</a><BR>
 <LI><a href="#[4]">PendSV_Handler</a>&nbsp;&nbsp;&nbsp;&rArr;&nbsp;&nbsp;&nbsp;<a href="#[4]">PendSV_Handler</a><BR>
 <LI><a href="#[5]">SysTick_Handler</a>&nbsp;&nbsp;&nbsp;&rArr;&nbsp;&nbsp;&nbsp;<a href="#[5]">SysTick_Handler</a><BR>
 <LI><a href="#[9]">ACMP0_IRQHandler</a>&nbsp;&nbsp;&nbsp;&rArr;&nbsp;&nbsp;&nbsp;<a href="#[9]">ACMP0_IRQHandler</a><BR>
</UL>
<P>
<H3>
Function Pointers
</H3><UL>
 <LI><a href="#[9]">ACMP0_IRQHandler</a> from startup_efm32zg_1.o(.text) referenced from startup_efm32zg_1.o(RESET)
 <LI><a href="#[a]">ADC0_IRQHandler</a> from weatherstation.o(.text) referenced from startup_efm32zg_1.o(RESET)
 <LI><a href="#[16]">AES_IRQHandler</a> from startup_efm32zg_1.o(.text) referenced from startup_efm32zg_1.o(RESET)
 <LI><a href="#[13]">CMU_IRQHandler</a> from startup_efm32zg_1.o(.text) referenced from startup_efm32zg_1.o(RESET)
 <LI><a href="#[6]">DMA_IRQHandler</a> from em_dma.o(.text) referenced from startup_efm32zg_1.o(RESET)
 <LI><a href="#[7]">GPIO_EVEN_IRQHandler</a> from weatherstation.o(.text) referenced from startup_efm32zg_1.o(RESET)
 <LI><a href="#[c]">GPIO_ODD_IRQHandler</a> from weatherstation.o(.text) referenced from startup_efm32zg_1.o(RESET)
 <LI><a href="#[2]">HardFault_Handler</a> from startup_efm32zg_1.o(.text) referenced from startup_efm32zg_1.o(RESET)
 <LI><a href="#[b]">I2C0_IRQHandler</a> from startup_efm32zg_1.o(.text) referenced from startup_efm32zg_1.o(RESET)
 <LI><a href="#[10]">LEUART0_IRQHandler</a> from weatherstation.o(.text) referenced from startup_efm32zg_1.o(RESET)
 <LI><a href="#[15]">MSC_IRQHandler</a> from startup_efm32zg_1.o(.text) referenced from startup_efm32zg_1.o(RESET)
 <LI><a href="#[1]">NMI_Handler</a> from startup_efm32zg_1.o(.text) referenced from startup_efm32zg_1.o(RESET)
 <LI><a href="#[11]">PCNT0_IRQHandler</a> from startup_efm32zg_1.o(.text) referenced from startup_efm32zg_1.o(RESET)
 <LI><a href="#[4]">PendSV_Handler</a> from startup_efm32zg_1.o(.text) referenced from startup_efm32zg_1.o(RESET)
 <LI><a href="#[12]">RTC_IRQHandler</a> from weatherstation.o(.text) referenced from startup_efm32zg_1.o(RESET)
 <LI><a href="#[0]">Reset_Handler</a> from startup_efm32zg_1.o(.text) referenced from startup_efm32zg_1.o(RESET)
 <LI><a href="#[3]">SVC_Handler</a> from startup_efm32zg_1.o(.text) referenced from startup_efm32zg_1.o(RESET)
 <LI><a href="#[5]">SysTick_Handler</a> from startup_efm32zg_1.o(.text) referenced from startup_efm32zg_1.o(RESET)
 <LI><a href="#[18]">SystemInit</a> from system_efm32zg.o(.text) referenced from startup_efm32zg_1.o(.text)
 <LI><a href="#[8]">TIMER0_IRQHandler</a> from startup_efm32zg_1.o(.text) referenced from startup_efm32zg_1.o(RESET)
 <LI><a href="#[d]">TIMER1_IRQHandler</a> from startup_efm32zg_1.o(.text) referenced from startup_efm32zg_1.o(RESET)
 <LI><a href="#[e]">USART1_RX_IRQHandler</a> from weatherstation.o(.text) referenced from startup_efm32zg_1.o(RESET)
 <LI><a href="#[f]">USART1_TX_IRQHandler</a> from startup_efm32zg_1.o(.text) referenced from startup_efm32zg_1.o(RESET)
 <LI><a href="#[14]">VCMP_IRQHandler</a> from startup_efm32zg_1.o(.text) referenced from startup_efm32zg_1.o(RESET)
 <LI><a href="#[19]">__main</a> from entry.o(.ARM.Collect$$$$00000000) referenced from startup_efm32zg_1.o(.text)
 <LI><a href="#[1a]">_sputc</a> from printfa.o(i._sputc) referenced from printfa.o(i.__0sprintf)
 <LI><a href="#[17]">main</a> from weatherstation.o(.text) referenced from entry9a.o(.ARM.Collect$$$$0000000B)
</UL>
<P>
<H3>
Global Symbols
</H3>
<P><STRONG><a name="[19]"></a>__main</STRONG> (Thumb, 0 bytes, Stack size unknown bytes, entry.o(.ARM.Collect$$$$00000000))
<BR>[Address Reference Count : 1]<UL><LI> startup_efm32zg_1.o(.text)
</UL>
<P><STRONG><a name="[df]"></a>_main_stk</STRONG> (Thumb, 0 bytes, Stack size unknown bytes, entry2.o(.ARM.Collect$$$$00000001))

<P><STRONG><a name="[1b]"></a>_main_scatterload</STRONG> (Thumb, 0 bytes, Stack size unknown bytes, entry5.o(.ARM.Collect$$$$00000004))
<BR><BR>[Calls]<UL><LI><a href="#[1c]">&gt;&gt;</a>&nbsp;&nbsp;&nbsp;__scatterload
</UL>

<P><STRONG><a name="[d8]"></a>__main_after_scatterload</STRONG> (Thumb, 0 bytes, Stack size unknown bytes, entry5.o(.ARM.Collect$$$$00000004))
<BR><BR>[Called By]<UL><LI><a href="#[1c]">&gt;&gt;</a>&nbsp;&nbsp;&nbsp;__scatterload
</UL>

<P><STRONG><a name="[e0]"></a>_main_clock</STRONG> (Thumb, 0 bytes, Stack size unknown bytes, entry7b.o(.ARM.Collect$$$$00000008))

<P><STRONG><a name="[e1]"></a>_main_cpp_init</STRONG> (Thumb, 0 bytes, Stack size unknown bytes, entry8b.o(.ARM.Collect$$$$0000000A))

<P><STRONG><a name="[e2]"></a>_main_init</STRONG> (Thumb, 0 bytes, Stack size unknown bytes, entry9a.o(.ARM.Collect$$$$0000000B))

<P><STRONG><a name="[e3]"></a>__rt_final_cpp</STRONG> (Thumb, 0 bytes, Stack size unknown bytes, entry10a.o(.ARM.Collect$$$$0000000D))

<P><STRONG><a name="[e4]"></a>__rt_final_exit</STRONG> (Thumb, 0 bytes, Stack size unknown bytes, entry11a.o(.ARM.Collect$$$$0000000F))

<P><STRONG><a name="[1e]"></a>SystemHFClockGet</STRONG> (Thumb, 130 bytes, Stack size 0 bytes, system_efm32zg.o(.text))
<BR><BR>[Called By]<UL><LI><a href="#[49]">&gt;&gt;</a>&nbsp;&nbsp;&nbsp;dbgClkGet
<LI><a href="#[40]">&gt;&gt;</a>&nbsp;&nbsp;&nbsp;CMU_ClockFreqGet
<LI><a href="#[1d]">&gt;&gt;</a>&nbsp;&nbsp;&nbsp;SystemCoreClockGet
</UL>

<P><STRONG><a name="[1d]"></a>SystemCoreClockGet</STRONG> (Thumb, 30 bytes, Stack size 8 bytes, system_efm32zg.o(.text))
<BR><BR>[Stack]<UL><LI>Max Depth = 8<LI>Call Chain = SystemCoreClockGet
</UL>
<BR>[Calls]<UL><LI><a href="#[1e]">&gt;&gt;</a>&nbsp;&nbsp;&nbsp;SystemHFClockGet
</UL>
<BR>[Called By]<UL><LI><a href="#[68]">&gt;&gt;</a>&nbsp;&nbsp;&nbsp;EMU_EnterEM3
<LI><a href="#[66]">&gt;&gt;</a>&nbsp;&nbsp;&nbsp;EMU_EnterEM2
<LI><a href="#[60]">&gt;&gt;</a>&nbsp;&nbsp;&nbsp;CMU_HFRCOBandSet
<LI><a href="#[4e]">&gt;&gt;</a>&nbsp;&nbsp;&nbsp;lfClkGet
<LI><a href="#[40]">&gt;&gt;</a>&nbsp;&nbsp;&nbsp;CMU_ClockFreqGet
<LI><a href="#[5f]">&gt;&gt;</a>&nbsp;&nbsp;&nbsp;CMU_ClockSelectSet
<LI><a href="#[59]">&gt;&gt;</a>&nbsp;&nbsp;&nbsp;CMU_ClockDivSet
<LI><a href="#[20]">&gt;&gt;</a>&nbsp;&nbsp;&nbsp;SystemLFXOClockSet
<LI><a href="#[1f]">&gt;&gt;</a>&nbsp;&nbsp;&nbsp;SystemHFXOClockSet
</UL>

<P><STRONG><a name="[4c]"></a>SystemMaxCoreClockGet</STRONG> (Thumb, 4 bytes, Stack size 0 bytes, system_efm32zg.o(.text))
<BR><BR>[Called By]<UL><LI><a href="#[4b]">&gt;&gt;</a>&nbsp;&nbsp;&nbsp;flashWaitStateMax
</UL>

<P><STRONG><a name="[e5]"></a>SystemHFXOClockGet</STRONG> (Thumb, 6 bytes, Stack size 0 bytes, system_efm32zg.o(.text), UNUSED)

<P><STRONG><a name="[1f]"></a>SystemHFXOClockSet</STRONG> (Thumb, 28 bytes, Stack size 8 bytes, system_efm32zg.o(.text), UNUSED)
<BR><BR>[Calls]<UL><LI><a href="#[1d]">&gt;&gt;</a>&nbsp;&nbsp;&nbsp;SystemCoreClockGet
</UL>

<P><STRONG><a name="[18]"></a>SystemInit</STRONG> (Thumb, 2 bytes, Stack size 0 bytes, system_efm32zg.o(.text))
<BR>[Address Reference Count : 1]<UL><LI> startup_efm32zg_1.o(.text)
</UL>
<P><STRONG><a name="[4f]"></a>SystemLFRCOClockGet</STRONG> (Thumb, 6 bytes, Stack size 0 bytes, system_efm32zg.o(.text))
<BR><BR>[Called By]<UL><LI><a href="#[4e]">&gt;&gt;</a>&nbsp;&nbsp;&nbsp;lfClkGet
</UL>

<P><STRONG><a name="[51]"></a>SystemULFRCOClockGet</STRONG> (Thumb, 6 bytes, Stack size 0 bytes, system_efm32zg.o(.text))
<BR><BR>[Called By]<UL><LI><a href="#[4e]">&gt;&gt;</a>&nbsp;&nbsp;&nbsp;lfClkGet
</UL>

<P><STRONG><a name="[50]"></a>SystemLFXOClockGet</STRONG> (Thumb, 6 bytes, Stack size 0 bytes, system_efm32zg.o(.text))
<BR><BR>[Called By]<UL><LI><a href="#[4e]">&gt;&gt;</a>&nbsp;&nbsp;&nbsp;lfClkGet
</UL>

<P><STRONG><a name="[20]"></a>SystemLFXOClockSet</STRONG> (Thumb, 28 bytes, Stack size 8 bytes, system_efm32zg.o(.text), UNUSED)
<BR><BR>[Calls]<UL><LI><a href="#[1d]">&gt;&gt;</a>&nbsp;&nbsp;&nbsp;SystemCoreClockGet
</UL>

<P><STRONG><a name="[0]"></a>Reset_Handler</STRONG> (Thumb, 8 bytes, Stack size 0 bytes, startup_efm32zg_1.o(.text))
<BR>[Address Reference Count : 1]<UL><LI> startup_efm32zg_1.o(RESET)
</UL>
<P><STRONG><a name="[1]"></a>NMI_Handler</STRONG> (Thumb, 2 bytes, Stack size 0 bytes, startup_efm32zg_1.o(.text))
<BR><BR>[Calls]<UL><LI><a href="#[1]">&gt;&gt;</a>&nbsp;&nbsp;&nbsp;NMI_Handler
</UL>
<BR>[Called By]<UL><LI><a href="#[1]">&gt;&gt;</a>&nbsp;&nbsp;&nbsp;NMI_Handler
</UL>
<BR>[Address Reference Count : 1]<UL><LI> startup_efm32zg_1.o(RESET)
</UL>
<P><STRONG><a name="[2]"></a>HardFault_Handler</STRONG> (Thumb, 2 bytes, Stack size 0 bytes, startup_efm32zg_1.o(.text))
<BR><BR>[Calls]<UL><LI><a href="#[2]">&gt;&gt;</a>&nbsp;&nbsp;&nbsp;HardFault_Handler
</UL>
<BR>[Called By]<UL><LI><a href="#[2]">&gt;&gt;</a>&nbsp;&nbsp;&nbsp;HardFault_Handler
</UL>
<BR>[Address Reference Count : 1]<UL><LI> startup_efm32zg_1.o(RESET)
</UL>
<P><STRONG><a name="[3]"></a>SVC_Handler</STRONG> (Thumb, 2 bytes, Stack size 0 bytes, startup_efm32zg_1.o(.text))
<BR><BR>[Calls]<UL><LI><a href="#[3]">&gt;&gt;</a>&nbsp;&nbsp;&nbsp;SVC_Handler
</UL>
<BR>[Called By]<UL><LI><a href="#[3]">&gt;&gt;</a>&nbsp;&nbsp;&nbsp;SVC_Handler
</UL>
<BR>[Address Reference Count : 1]<UL><LI> startup_efm32zg_1.o(RESET)
</UL>
<P><STRONG><a name="[4]"></a>PendSV_Handler</STRONG> (Thumb, 2 bytes, Stack size 0 bytes, startup_efm32zg_1.o(.text))
<BR><BR>[Calls]<UL><LI><a href="#[4]">&gt;&gt;</a>&nbsp;&nbsp;&nbsp;PendSV_Handler
</UL>
<BR>[Called By]<UL><LI><a href="#[4]">&gt;&gt;</a>&nbsp;&nbsp;&nbsp;PendSV_Handler
</UL>
<BR>[Address Reference Count : 1]<UL><LI> startup_efm32zg_1.o(RESET)
</UL>
<P><STRONG><a name="[5]"></a>SysTick_Handler</STRONG> (Thumb, 2 bytes, Stack size 0 bytes, startup_efm32zg_1.o(.text))
<BR><BR>[Calls]<UL><LI><a href="#[5]">&gt;&gt;</a>&nbsp;&nbsp;&nbsp;SysTick_Handler
</UL>
<BR>[Called By]<UL><LI><a href="#[5]">&gt;&gt;</a>&nbsp;&nbsp;&nbsp;SysTick_Handler
</UL>
<BR>[Address Reference Count : 1]<UL><LI> startup_efm32zg_1.o(RESET)
</UL>
<P><STRONG><a name="[9]"></a>ACMP0_IRQHandler</STRONG> (Thumb, 0 bytes, Stack size 0 bytes, startup_efm32zg_1.o(.text))
<BR><BR>[Calls]<UL><LI><a href="#[9]">&gt;&gt;</a>&nbsp;&nbsp;&nbsp;ACMP0_IRQHandler
</UL>
<BR>[Called By]<UL><LI><a href="#[9]">&gt;&gt;</a>&nbsp;&nbsp;&nbsp;ACMP0_IRQHandler
</UL>
<BR>[Address Reference Count : 1]<UL><LI> startup_efm32zg_1.o(RESET)
</UL>
<P><STRONG><a name="[16]"></a>AES_IRQHandler</STRONG> (Thumb, 0 bytes, Stack size 0 bytes, startup_efm32zg_1.o(.text))
<BR>[Address Reference Count : 1]<UL><LI> startup_efm32zg_1.o(RESET)
</UL>
<P><STRONG><a name="[13]"></a>CMU_IRQHandler</STRONG> (Thumb, 0 bytes, Stack size 0 bytes, startup_efm32zg_1.o(.text))
<BR>[Address Reference Count : 1]<UL><LI> startup_efm32zg_1.o(RESET)
</UL>
<P><STRONG><a name="[b]"></a>I2C0_IRQHandler</STRONG> (Thumb, 0 bytes, Stack size 0 bytes, startup_efm32zg_1.o(.text))
<BR>[Address Reference Count : 1]<UL><LI> startup_efm32zg_1.o(RESET)
</UL>
<P><STRONG><a name="[15]"></a>MSC_IRQHandler</STRONG> (Thumb, 0 bytes, Stack size 0 bytes, startup_efm32zg_1.o(.text))
<BR>[Address Reference Count : 1]<UL><LI> startup_efm32zg_1.o(RESET)
</UL>
<P><STRONG><a name="[11]"></a>PCNT0_IRQHandler</STRONG> (Thumb, 0 bytes, Stack size 0 bytes, startup_efm32zg_1.o(.text))
<BR>[Address Reference Count : 1]<UL><LI> startup_efm32zg_1.o(RESET)
</UL>
<P><STRONG><a name="[8]"></a>TIMER0_IRQHandler</STRONG> (Thumb, 0 bytes, Stack size 0 bytes, startup_efm32zg_1.o(.text))
<BR>[Address Reference Count : 1]<UL><LI> startup_efm32zg_1.o(RESET)
</UL>
<P><STRONG><a name="[d]"></a>TIMER1_IRQHandler</STRONG> (Thumb, 0 bytes, Stack size 0 bytes, startup_efm32zg_1.o(.text))
<BR>[Address Reference Count : 1]<UL><LI> startup_efm32zg_1.o(RESET)
</UL>
<P><STRONG><a name="[f]"></a>USART1_TX_IRQHandler</STRONG> (Thumb, 0 bytes, Stack size 0 bytes, startup_efm32zg_1.o(.text))
<BR>[Address Reference Count : 1]<UL><LI> startup_efm32zg_1.o(RESET)
</UL>
<P><STRONG><a name="[14]"></a>VCMP_IRQHandler</STRONG> (Thumb, 0 bytes, Stack size 0 bytes, startup_efm32zg_1.o(.text))
<BR>[Address Reference Count : 1]<UL><LI> startup_efm32zg_1.o(RESET)
</UL>
<P><STRONG><a name="[24]"></a>Si7013_GetFirmwareRevision</STRONG> (Thumb, 78 bytes, Stack size 48 bytes, si7013.o(.text))
<BR><BR>[Stack]<UL><LI>Max Depth = 128<LI>Call Chain = Si7013_GetFirmwareRevision &rArr; I2CSPM_Transfer &rArr; I2C_TransferInit &rArr; I2C_Transfer &rArr; __ARM_common_switch8
</UL>
<BR>[Calls]<UL><LI><a href="#[22]">&gt;&gt;</a>&nbsp;&nbsp;&nbsp;I2CSPM_Transfer
</UL>
<BR>[Called By]<UL><LI><a href="#[17]">&gt;&gt;</a>&nbsp;&nbsp;&nbsp;main
</UL>

<P><STRONG><a name="[25]"></a>Si7013_StartNoHoldMeasureRHAndTemp</STRONG> (Thumb, 22 bytes, Stack size 16 bytes, si7013.o(.text), UNUSED)
<BR><BR>[Calls]<UL><LI><a href="#[23]">&gt;&gt;</a>&nbsp;&nbsp;&nbsp;Si7013_StartNoHoldMeasure
</UL>

<P><STRONG><a name="[27]"></a>Si7013_ReadNoHoldRHAndTemp</STRONG> (Thumb, 94 bytes, Stack size 40 bytes, si7013.o(.text), UNUSED)
<BR><BR>[Calls]<UL><LI><a href="#[26]">&gt;&gt;</a>&nbsp;&nbsp;&nbsp;Si7013_ReadNoHoldData
<LI><a href="#[21]">&gt;&gt;</a>&nbsp;&nbsp;&nbsp;Si7013_Measure
</UL>

<P><STRONG><a name="[28]"></a>Si7013_MeasureRHAndTemp</STRONG> (Thumb, 96 bytes, Stack size 40 bytes, si7013.o(.text))
<BR><BR>[Stack]<UL><LI>Max Depth = 184<LI>Call Chain = Si7013_MeasureRHAndTemp &rArr; Si7013_Measure &rArr; I2CSPM_Transfer &rArr; I2C_TransferInit &rArr; I2C_Transfer &rArr; __ARM_common_switch8
</UL>
<BR>[Calls]<UL><LI><a href="#[21]">&gt;&gt;</a>&nbsp;&nbsp;&nbsp;Si7013_Measure
</UL>
<BR>[Called By]<UL><LI><a href="#[a3]">&gt;&gt;</a>&nbsp;&nbsp;&nbsp;performMeasurements
</UL>

<P><STRONG><a name="[2a]"></a>Si7013_MeasureV</STRONG> (Thumb, 56 bytes, Stack size 24 bytes, si7013.o(.text), UNUSED)
<BR><BR>[Calls]<UL><LI><a href="#[29]">&gt;&gt;</a>&nbsp;&nbsp;&nbsp;Si7013_WriteUserReg2
<LI><a href="#[21]">&gt;&gt;</a>&nbsp;&nbsp;&nbsp;Si7013_Measure
</UL>

<P><STRONG><a name="[2b]"></a>Si7013_Detect</STRONG> (Thumb, 78 bytes, Stack size 56 bytes, si7013.o(.text))
<BR><BR>[Stack]<UL><LI>Max Depth = 136<LI>Call Chain = Si7013_Detect &rArr; I2CSPM_Transfer &rArr; I2C_TransferInit &rArr; I2C_Transfer &rArr; __ARM_common_switch8
</UL>
<BR>[Calls]<UL><LI><a href="#[22]">&gt;&gt;</a>&nbsp;&nbsp;&nbsp;I2CSPM_Transfer
</UL>
<BR>[Called By]<UL><LI><a href="#[17]">&gt;&gt;</a>&nbsp;&nbsp;&nbsp;main
</UL>

<P><STRONG><a name="[2c]"></a>I2CSPM_Init</STRONG> (Thumb, 156 bytes, Stack size 40 bytes, i2cspm.o(.text))
<BR><BR>[Stack]<UL><LI>Max Depth = 128<LI>Call Chain = I2CSPM_Init &rArr; I2C_Init &rArr; I2C_BusFreqSet &rArr; CMU_ClockFreqGet &rArr; lfClkGet &rArr; CMU_ClockSelectGet
</UL>
<BR>[Calls]<UL><LI><a href="#[2f]">&gt;&gt;</a>&nbsp;&nbsp;&nbsp;I2C_Init
<LI><a href="#[2e]">&gt;&gt;</a>&nbsp;&nbsp;&nbsp;GPIO_PinModeSet
<LI><a href="#[2d]">&gt;&gt;</a>&nbsp;&nbsp;&nbsp;CMU_ClockEnable
</UL>
<BR>[Called By]<UL><LI><a href="#[17]">&gt;&gt;</a>&nbsp;&nbsp;&nbsp;main
</UL>

<P><STRONG><a name="[22]"></a>I2CSPM_Transfer</STRONG> (Thumb, 44 bytes, Stack size 24 bytes, i2cspm.o(.text))
<BR><BR>[Stack]<UL><LI>Max Depth = 80<LI>Call Chain = I2CSPM_Transfer &rArr; I2C_TransferInit &rArr; I2C_Transfer &rArr; __ARM_common_switch8
</UL>
<BR>[Calls]<UL><LI><a href="#[30]">&gt;&gt;</a>&nbsp;&nbsp;&nbsp;I2C_TransferInit
<LI><a href="#[31]">&gt;&gt;</a>&nbsp;&nbsp;&nbsp;I2C_Transfer
</UL>
<BR>[Called By]<UL><LI><a href="#[2b]">&gt;&gt;</a>&nbsp;&nbsp;&nbsp;Si7013_Detect
<LI><a href="#[24]">&gt;&gt;</a>&nbsp;&nbsp;&nbsp;Si7013_GetFirmwareRevision
<LI><a href="#[29]">&gt;&gt;</a>&nbsp;&nbsp;&nbsp;Si7013_WriteUserReg2
<LI><a href="#[26]">&gt;&gt;</a>&nbsp;&nbsp;&nbsp;Si7013_ReadNoHoldData
<LI><a href="#[23]">&gt;&gt;</a>&nbsp;&nbsp;&nbsp;Si7013_StartNoHoldMeasure
<LI><a href="#[21]">&gt;&gt;</a>&nbsp;&nbsp;&nbsp;Si7013_Measure
</UL>

<P><STRONG><a name="[38]"></a>delay</STRONG> (Thumb, 12 bytes, Stack size 0 bytes, lcd.o(.text))
<BR><BR>[Called By]<UL><LI><a href="#[3b]">&gt;&gt;</a>&nbsp;&nbsp;&nbsp;lcd_hazirla
<LI><a href="#[37]">&gt;&gt;</a>&nbsp;&nbsp;&nbsp;lcd_yazi_yaz
</UL>

<P><STRONG><a name="[35]"></a>lcd_gecikme</STRONG> (Thumb, 16 bytes, Stack size 0 bytes, lcd.o(.text))
<BR><BR>[Called By]<UL><LI><a href="#[3b]">&gt;&gt;</a>&nbsp;&nbsp;&nbsp;lcd_hazirla
<LI><a href="#[3a]">&gt;&gt;</a>&nbsp;&nbsp;&nbsp;lcd_temizle
<LI><a href="#[37]">&gt;&gt;</a>&nbsp;&nbsp;&nbsp;lcd_yazi_yaz
<LI><a href="#[36]">&gt;&gt;</a>&nbsp;&nbsp;&nbsp;lcd_karakter_yaz
<LI><a href="#[34]">&gt;&gt;</a>&nbsp;&nbsp;&nbsp;lcd_komut
</UL>

<P><STRONG><a name="[32]"></a>GPIO_WriteBit</STRONG> (Thumb, 42 bytes, Stack size 16 bytes, lcd.o(.text))
<BR><BR>[Stack]<UL><LI>Max Depth = 24<LI>Call Chain = GPIO_WriteBit &rArr; GPIO_PinOutClear
</UL>
<BR>[Calls]<UL><LI><a href="#[33]">&gt;&gt;</a>&nbsp;&nbsp;&nbsp;GPIO_PinOutClear
</UL>
<BR>[Called By]<UL><LI><a href="#[36]">&gt;&gt;</a>&nbsp;&nbsp;&nbsp;lcd_karakter_yaz
<LI><a href="#[34]">&gt;&gt;</a>&nbsp;&nbsp;&nbsp;lcd_komut
</UL>

<P><STRONG><a name="[34]"></a>lcd_komut</STRONG> (Thumb, 344 bytes, Stack size 8 bytes, lcd.o(.text))
<BR><BR>[Stack]<UL><LI>Max Depth = 32<LI>Call Chain = lcd_komut &rArr; GPIO_WriteBit &rArr; GPIO_PinOutClear
</UL>
<BR>[Calls]<UL><LI><a href="#[32]">&gt;&gt;</a>&nbsp;&nbsp;&nbsp;GPIO_WriteBit
<LI><a href="#[35]">&gt;&gt;</a>&nbsp;&nbsp;&nbsp;lcd_gecikme
</UL>
<BR>[Called By]<UL><LI><a href="#[3b]">&gt;&gt;</a>&nbsp;&nbsp;&nbsp;lcd_hazirla
<LI><a href="#[3a]">&gt;&gt;</a>&nbsp;&nbsp;&nbsp;lcd_temizle
<LI><a href="#[39]">&gt;&gt;</a>&nbsp;&nbsp;&nbsp;lcd_git_xy
<LI><a href="#[a7]">&gt;&gt;</a>&nbsp;&nbsp;&nbsp;esp_8266
</UL>

<P><STRONG><a name="[36]"></a>lcd_karakter_yaz</STRONG> (Thumb, 440 bytes, Stack size 16 bytes, lcd.o(.text))
<BR><BR>[Stack]<UL><LI>Max Depth = 40<LI>Call Chain = lcd_karakter_yaz &rArr; GPIO_WriteBit &rArr; GPIO_PinOutClear
</UL>
<BR>[Calls]<UL><LI><a href="#[32]">&gt;&gt;</a>&nbsp;&nbsp;&nbsp;GPIO_WriteBit
<LI><a href="#[35]">&gt;&gt;</a>&nbsp;&nbsp;&nbsp;lcd_gecikme
</UL>
<BR>[Called By]<UL><LI><a href="#[3b]">&gt;&gt;</a>&nbsp;&nbsp;&nbsp;lcd_hazirla
<LI><a href="#[37]">&gt;&gt;</a>&nbsp;&nbsp;&nbsp;lcd_yazi_yaz
</UL>

<P><STRONG><a name="[37]"></a>lcd_yazi_yaz</STRONG> (Thumb, 32 bytes, Stack size 8 bytes, lcd.o(.text))
<BR><BR>[Stack]<UL><LI>Max Depth = 48<LI>Call Chain = lcd_yazi_yaz &rArr; lcd_karakter_yaz &rArr; GPIO_WriteBit &rArr; GPIO_PinOutClear
</UL>
<BR>[Calls]<UL><LI><a href="#[36]">&gt;&gt;</a>&nbsp;&nbsp;&nbsp;lcd_karakter_yaz
<LI><a href="#[35]">&gt;&gt;</a>&nbsp;&nbsp;&nbsp;lcd_gecikme
<LI><a href="#[38]">&gt;&gt;</a>&nbsp;&nbsp;&nbsp;delay
</UL>
<BR>[Called By]<UL><LI><a href="#[17]">&gt;&gt;</a>&nbsp;&nbsp;&nbsp;main
<LI><a href="#[a7]">&gt;&gt;</a>&nbsp;&nbsp;&nbsp;esp_8266
</UL>

<P><STRONG><a name="[39]"></a>lcd_git_xy</STRONG> (Thumb, 38 bytes, Stack size 16 bytes, lcd.o(.text))
<BR><BR>[Stack]<UL><LI>Max Depth = 48<LI>Call Chain = lcd_git_xy &rArr; lcd_komut &rArr; GPIO_WriteBit &rArr; GPIO_PinOutClear
</UL>
<BR>[Calls]<UL><LI><a href="#[34]">&gt;&gt;</a>&nbsp;&nbsp;&nbsp;lcd_komut
</UL>
<BR>[Called By]<UL><LI><a href="#[17]">&gt;&gt;</a>&nbsp;&nbsp;&nbsp;main
<LI><a href="#[a7]">&gt;&gt;</a>&nbsp;&nbsp;&nbsp;esp_8266
</UL>

<P><STRONG><a name="[3a]"></a>lcd_temizle</STRONG> (Thumb, 14 bytes, Stack size 8 bytes, lcd.o(.text))
<BR><BR>[Stack]<UL><LI>Max Depth = 40<LI>Call Chain = lcd_temizle &rArr; lcd_komut &rArr; GPIO_WriteBit &rArr; GPIO_PinOutClear
</UL>
<BR>[Calls]<UL><LI><a href="#[34]">&gt;&gt;</a>&nbsp;&nbsp;&nbsp;lcd_komut
<LI><a href="#[35]">&gt;&gt;</a>&nbsp;&nbsp;&nbsp;lcd_gecikme
</UL>
<BR>[Called By]<UL><LI><a href="#[3b]">&gt;&gt;</a>&nbsp;&nbsp;&nbsp;lcd_hazirla
<LI><a href="#[a7]">&gt;&gt;</a>&nbsp;&nbsp;&nbsp;esp_8266
</UL>

<P><STRONG><a name="[3b]"></a>lcd_hazirla</STRONG> (Thumb, 216 bytes, Stack size 8 bytes, lcd.o(.text))
<BR><BR>[Stack]<UL><LI>Max Depth = 48<LI>Call Chain = lcd_hazirla &rArr; lcd_temizle &rArr; lcd_komut &rArr; GPIO_WriteBit &rArr; GPIO_PinOutClear
</UL>
<BR>[Calls]<UL><LI><a href="#[3a]">&gt;&gt;</a>&nbsp;&nbsp;&nbsp;lcd_temizle
<LI><a href="#[36]">&gt;&gt;</a>&nbsp;&nbsp;&nbsp;lcd_karakter_yaz
<LI><a href="#[34]">&gt;&gt;</a>&nbsp;&nbsp;&nbsp;lcd_komut
<LI><a href="#[35]">&gt;&gt;</a>&nbsp;&nbsp;&nbsp;lcd_gecikme
<LI><a href="#[38]">&gt;&gt;</a>&nbsp;&nbsp;&nbsp;delay
</UL>
<BR>[Called By]<UL><LI><a href="#[17]">&gt;&gt;</a>&nbsp;&nbsp;&nbsp;main
</UL>

<P><STRONG><a name="[3c]"></a>lcd_init</STRONG> (Thumb, 152 bytes, Stack size 8 bytes, lcd.o(.text))
<BR><BR>[Stack]<UL><LI>Max Depth = 52<LI>Call Chain = lcd_init &rArr; CMU_ClockEnable &rArr; BUS_RegBitWrite
</UL>
<BR>[Calls]<UL><LI><a href="#[33]">&gt;&gt;</a>&nbsp;&nbsp;&nbsp;GPIO_PinOutClear
<LI><a href="#[2e]">&gt;&gt;</a>&nbsp;&nbsp;&nbsp;GPIO_PinModeSet
<LI><a href="#[2d]">&gt;&gt;</a>&nbsp;&nbsp;&nbsp;CMU_ClockEnable
</UL>
<BR>[Called By]<UL><LI><a href="#[17]">&gt;&gt;</a>&nbsp;&nbsp;&nbsp;main
</UL>

<P><STRONG><a name="[3f]"></a>ADC_PrescaleCalc</STRONG> (Thumb, 60 bytes, Stack size 16 bytes, em_adc.o(.text))
<BR><BR>[Stack]<UL><LI>Max Depth = 56<LI>Call Chain = ADC_PrescaleCalc &rArr; CMU_ClockFreqGet &rArr; lfClkGet &rArr; CMU_ClockSelectGet
</UL>
<BR>[Calls]<UL><LI><a href="#[40]">&gt;&gt;</a>&nbsp;&nbsp;&nbsp;CMU_ClockFreqGet
<LI><a href="#[41]">&gt;&gt;</a>&nbsp;&nbsp;&nbsp;__aeabi_uidivmod
</UL>
<BR>[Called By]<UL><LI><a href="#[42]">&gt;&gt;</a>&nbsp;&nbsp;&nbsp;ADC_Init
</UL>

<P><STRONG><a name="[42]"></a>ADC_Init</STRONG> (Thumb, 96 bytes, Stack size 24 bytes, em_adc.o(.text))
<BR><BR>[Stack]<UL><LI>Max Depth = 80<LI>Call Chain = ADC_Init &rArr; ADC_PrescaleCalc &rArr; CMU_ClockFreqGet &rArr; lfClkGet &rArr; CMU_ClockSelectGet
</UL>
<BR>[Calls]<UL><LI><a href="#[3f]">&gt;&gt;</a>&nbsp;&nbsp;&nbsp;ADC_PrescaleCalc
</UL>
<BR>[Called By]<UL><LI><a href="#[bb]">&gt;&gt;</a>&nbsp;&nbsp;&nbsp;adcInit
</UL>

<P><STRONG><a name="[43]"></a>ADC_InitScan</STRONG> (Thumb, 98 bytes, Stack size 16 bytes, em_adc.o(.text), UNUSED)
<BR><BR>[Calls]<UL><LI><a href="#[3d]">&gt;&gt;</a>&nbsp;&nbsp;&nbsp;ADC_LoadDevinfoCal
</UL>

<P><STRONG><a name="[44]"></a>ADC_InitSingle</STRONG> (Thumb, 96 bytes, Stack size 16 bytes, em_adc.o(.text))
<BR><BR>[Stack]<UL><LI>Max Depth = 56<LI>Call Chain = ADC_InitSingle &rArr; ADC_LoadDevinfoCal &rArr; __ARM_common_switch8
</UL>
<BR>[Calls]<UL><LI><a href="#[3d]">&gt;&gt;</a>&nbsp;&nbsp;&nbsp;ADC_LoadDevinfoCal
</UL>
<BR>[Called By]<UL><LI><a href="#[bb]">&gt;&gt;</a>&nbsp;&nbsp;&nbsp;adcInit
</UL>

<P><STRONG><a name="[45]"></a>ADC_Reset</STRONG> (Thumb, 54 bytes, Stack size 8 bytes, em_adc.o(.text), UNUSED)
<BR><BR>[Calls]<UL><LI><a href="#[3d]">&gt;&gt;</a>&nbsp;&nbsp;&nbsp;ADC_LoadDevinfoCal
</UL>

<P><STRONG><a name="[46]"></a>ADC_TimebaseCalc</STRONG> (Thumb, 42 bytes, Stack size 8 bytes, em_adc.o(.text), UNUSED)
<BR><BR>[Calls]<UL><LI><a href="#[40]">&gt;&gt;</a>&nbsp;&nbsp;&nbsp;CMU_ClockFreqGet
<LI><a href="#[41]">&gt;&gt;</a>&nbsp;&nbsp;&nbsp;__aeabi_uidivmod
</UL>

<P><STRONG><a name="[4a]"></a>CMU_ClockSelectGet</STRONG> (Thumb, 204 bytes, Stack size 8 bytes, em_cmu.o(.text))
<BR><BR>[Stack]<UL><LI>Max Depth = 8<LI>Call Chain = CMU_ClockSelectGet
</UL>
<BR>[Called By]<UL><LI><a href="#[63]">&gt;&gt;</a>&nbsp;&nbsp;&nbsp;CMU_LFXOInit
<LI><a href="#[61]">&gt;&gt;</a>&nbsp;&nbsp;&nbsp;CMU_HFXOInit
<LI><a href="#[60]">&gt;&gt;</a>&nbsp;&nbsp;&nbsp;CMU_HFRCOBandSet
<LI><a href="#[4e]">&gt;&gt;</a>&nbsp;&nbsp;&nbsp;lfClkGet
<LI><a href="#[49]">&gt;&gt;</a>&nbsp;&nbsp;&nbsp;dbgClkGet
</UL>

<P><STRONG><a name="[e6]"></a>CMU_AUXHFRCOBandGet</STRONG> (Thumb, 14 bytes, Stack size 0 bytes, em_cmu.o(.text), UNUSED)

<P><STRONG><a name="[52]"></a>CMU_AUXHFRCOBandSet</STRONG> (Thumb, 98 bytes, Stack size 4 bytes, em_cmu.o(.text), UNUSED)
<BR><BR>[Calls]<UL><LI><a href="#[3e]">&gt;&gt;</a>&nbsp;&nbsp;&nbsp;__ARM_common_switch8
</UL>

<P><STRONG><a name="[53]"></a>CMU_Calibrate</STRONG> (Thumb, 98 bytes, Stack size 16 bytes, em_cmu.o(.text), UNUSED)
<BR><BR>[Calls]<UL><LI><a href="#[54]">&gt;&gt;</a>&nbsp;&nbsp;&nbsp;BUS_RegBitRead
<LI><a href="#[3e]">&gt;&gt;</a>&nbsp;&nbsp;&nbsp;__ARM_common_switch8
</UL>

<P><STRONG><a name="[55]"></a>CMU_CalibrateConfig</STRONG> (Thumb, 116 bytes, Stack size 8 bytes, em_cmu.o(.text), UNUSED)
<BR><BR>[Calls]<UL><LI><a href="#[3e]">&gt;&gt;</a>&nbsp;&nbsp;&nbsp;__ARM_common_switch8
</UL>

<P><STRONG><a name="[56]"></a>CMU_CalibrateCountGet</STRONG> (Thumb, 104 bytes, Stack size 8 bytes, em_cmu.o(.text), UNUSED)
<BR><BR>[Calls]<UL><LI><a href="#[54]">&gt;&gt;</a>&nbsp;&nbsp;&nbsp;BUS_RegBitRead
</UL>

<P><STRONG><a name="[57]"></a>CMU_ClockDivGet</STRONG> (Thumb, 144 bytes, Stack size 16 bytes, em_cmu.o(.text), UNUSED)
<BR><BR>[Calls]<UL><LI><a href="#[58]">&gt;&gt;</a>&nbsp;&nbsp;&nbsp;CMU_Log2ToDiv
</UL>

<P><STRONG><a name="[59]"></a>CMU_ClockDivSet</STRONG> (Thumb, 194 bytes, Stack size 24 bytes, em_cmu.o(.text))
<BR><BR>[Stack]<UL><LI>Max Depth = 40<LI>Call Chain = CMU_ClockDivSet &rArr; CMU_DivToLog2
</UL>
<BR>[Calls]<UL><LI><a href="#[5b]">&gt;&gt;</a>&nbsp;&nbsp;&nbsp;syncReg
<LI><a href="#[5a]">&gt;&gt;</a>&nbsp;&nbsp;&nbsp;CMU_DivToLog2
<LI><a href="#[4b]">&gt;&gt;</a>&nbsp;&nbsp;&nbsp;flashWaitStateMax
<LI><a href="#[4d]">&gt;&gt;</a>&nbsp;&nbsp;&nbsp;flashWaitStateControl
<LI><a href="#[1d]">&gt;&gt;</a>&nbsp;&nbsp;&nbsp;SystemCoreClockGet
</UL>
<BR>[Called By]<UL><LI><a href="#[17]">&gt;&gt;</a>&nbsp;&nbsp;&nbsp;main
<LI><a href="#[bd]">&gt;&gt;</a>&nbsp;&nbsp;&nbsp;rtcSetup
</UL>

<P><STRONG><a name="[2d]"></a>CMU_ClockEnable</STRONG> (Thumb, 104 bytes, Stack size 32 bytes, em_cmu.o(.text))
<BR><BR>[Stack]<UL><LI>Max Depth = 44<LI>Call Chain = CMU_ClockEnable &rArr; BUS_RegBitWrite
</UL>
<BR>[Calls]<UL><LI><a href="#[5b]">&gt;&gt;</a>&nbsp;&nbsp;&nbsp;syncReg
<LI><a href="#[5c]">&gt;&gt;</a>&nbsp;&nbsp;&nbsp;BUS_RegBitWrite
<LI><a href="#[3e]">&gt;&gt;</a>&nbsp;&nbsp;&nbsp;__ARM_common_switch8
</UL>
<BR>[Called By]<UL><LI><a href="#[3c]">&gt;&gt;</a>&nbsp;&nbsp;&nbsp;lcd_init
<LI><a href="#[2c]">&gt;&gt;</a>&nbsp;&nbsp;&nbsp;I2CSPM_Init
<LI><a href="#[17]">&gt;&gt;</a>&nbsp;&nbsp;&nbsp;main
<LI><a href="#[bd]">&gt;&gt;</a>&nbsp;&nbsp;&nbsp;rtcSetup
<LI><a href="#[bc]">&gt;&gt;</a>&nbsp;&nbsp;&nbsp;gpioSetup
<LI><a href="#[bb]">&gt;&gt;</a>&nbsp;&nbsp;&nbsp;adcInit
<LI><a href="#[b8]">&gt;&gt;</a>&nbsp;&nbsp;&nbsp;init_usart
<LI><a href="#[b3]">&gt;&gt;</a>&nbsp;&nbsp;&nbsp;spiInit
<LI><a href="#[9e]">&gt;&gt;</a>&nbsp;&nbsp;&nbsp;DMA_Init
</UL>

<P><STRONG><a name="[40]"></a>CMU_ClockFreqGet</STRONG> (Thumb, 180 bytes, Stack size 16 bytes, em_cmu.o(.text))
<BR><BR>[Stack]<UL><LI>Max Depth = 40<LI>Call Chain = CMU_ClockFreqGet &rArr; lfClkGet &rArr; CMU_ClockSelectGet
</UL>
<BR>[Calls]<UL><LI><a href="#[4e]">&gt;&gt;</a>&nbsp;&nbsp;&nbsp;lfClkGet
<LI><a href="#[49]">&gt;&gt;</a>&nbsp;&nbsp;&nbsp;dbgClkGet
<LI><a href="#[47]">&gt;&gt;</a>&nbsp;&nbsp;&nbsp;auxClkGet
<LI><a href="#[3e]">&gt;&gt;</a>&nbsp;&nbsp;&nbsp;__ARM_common_switch8
<LI><a href="#[1d]">&gt;&gt;</a>&nbsp;&nbsp;&nbsp;SystemCoreClockGet
<LI><a href="#[1e]">&gt;&gt;</a>&nbsp;&nbsp;&nbsp;SystemHFClockGet
</UL>
<BR>[Called By]<UL><LI><a href="#[6f]">&gt;&gt;</a>&nbsp;&nbsp;&nbsp;LEUART_BaudrateGet
<LI><a href="#[46]">&gt;&gt;</a>&nbsp;&nbsp;&nbsp;ADC_TimebaseCalc
<LI><a href="#[3f]">&gt;&gt;</a>&nbsp;&nbsp;&nbsp;ADC_PrescaleCalc
<LI><a href="#[17]">&gt;&gt;</a>&nbsp;&nbsp;&nbsp;main
<LI><a href="#[89]">&gt;&gt;</a>&nbsp;&nbsp;&nbsp;I2C_BusFreqSet
<LI><a href="#[88]">&gt;&gt;</a>&nbsp;&nbsp;&nbsp;I2C_BusFreqGet
<LI><a href="#[81]">&gt;&gt;</a>&nbsp;&nbsp;&nbsp;USART_BaudrateSyncSet
<LI><a href="#[80]">&gt;&gt;</a>&nbsp;&nbsp;&nbsp;USART_BaudrateGet
<LI><a href="#[7c]">&gt;&gt;</a>&nbsp;&nbsp;&nbsp;USART_BaudrateAsyncSet
<LI><a href="#[70]">&gt;&gt;</a>&nbsp;&nbsp;&nbsp;LEUART_BaudrateSet
</UL>

<P><STRONG><a name="[5d]"></a>CMU_OscillatorEnable</STRONG> (Thumb, 110 bytes, Stack size 32 bytes, em_cmu.o(.text))
<BR><BR>[Stack]<UL><LI>Max Depth = 40<LI>Call Chain = CMU_OscillatorEnable &rArr; __ARM_common_switch8
</UL>
<BR>[Calls]<UL><LI><a href="#[5e]">&gt;&gt;</a>&nbsp;&nbsp;&nbsp;EMU_UpdateOscConfig
<LI><a href="#[54]">&gt;&gt;</a>&nbsp;&nbsp;&nbsp;BUS_RegBitRead
<LI><a href="#[3e]">&gt;&gt;</a>&nbsp;&nbsp;&nbsp;__ARM_common_switch8
</UL>
<BR>[Called By]<UL><LI><a href="#[63]">&gt;&gt;</a>&nbsp;&nbsp;&nbsp;CMU_LFXOInit
<LI><a href="#[61]">&gt;&gt;</a>&nbsp;&nbsp;&nbsp;CMU_HFXOInit
<LI><a href="#[5f]">&gt;&gt;</a>&nbsp;&nbsp;&nbsp;CMU_ClockSelectSet
<LI><a href="#[17]">&gt;&gt;</a>&nbsp;&nbsp;&nbsp;main
<LI><a href="#[bd]">&gt;&gt;</a>&nbsp;&nbsp;&nbsp;rtcSetup
</UL>

<P><STRONG><a name="[5f]"></a>CMU_ClockSelectSet</STRONG> (Thumb, 278 bytes, Stack size 40 bytes, em_cmu.o(.text))
<BR><BR>[Stack]<UL><LI>Max Depth = 80<LI>Call Chain = CMU_ClockSelectSet &rArr; CMU_OscillatorEnable &rArr; __ARM_common_switch8
</UL>
<BR>[Calls]<UL><LI><a href="#[5e]">&gt;&gt;</a>&nbsp;&nbsp;&nbsp;EMU_UpdateOscConfig
<LI><a href="#[4b]">&gt;&gt;</a>&nbsp;&nbsp;&nbsp;flashWaitStateMax
<LI><a href="#[4d]">&gt;&gt;</a>&nbsp;&nbsp;&nbsp;flashWaitStateControl
<LI><a href="#[5c]">&gt;&gt;</a>&nbsp;&nbsp;&nbsp;BUS_RegBitWrite
<LI><a href="#[3e]">&gt;&gt;</a>&nbsp;&nbsp;&nbsp;__ARM_common_switch8
<LI><a href="#[5d]">&gt;&gt;</a>&nbsp;&nbsp;&nbsp;CMU_OscillatorEnable
<LI><a href="#[1d]">&gt;&gt;</a>&nbsp;&nbsp;&nbsp;SystemCoreClockGet
</UL>
<BR>[Called By]<UL><LI><a href="#[17]">&gt;&gt;</a>&nbsp;&nbsp;&nbsp;main
<LI><a href="#[bd]">&gt;&gt;</a>&nbsp;&nbsp;&nbsp;rtcSetup
<LI><a href="#[b8]">&gt;&gt;</a>&nbsp;&nbsp;&nbsp;init_usart
</UL>

<P><STRONG><a name="[e7]"></a>CMU_FreezeEnable</STRONG> (Thumb, 62 bytes, Stack size 0 bytes, em_cmu.o(.text), UNUSED)

<P><STRONG><a name="[e8]"></a>CMU_HFRCOBandGet</STRONG> (Thumb, 16 bytes, Stack size 0 bytes, em_cmu.o(.text), UNUSED)

<P><STRONG><a name="[60]"></a>CMU_HFRCOBandSet</STRONG> (Thumb, 132 bytes, Stack size 24 bytes, em_cmu.o(.text))
<BR><BR>[Stack]<UL><LI>Max Depth = 40<LI>Call Chain = CMU_HFRCOBandSet &rArr; flashWaitStateMax &rArr; flashWaitStateControl
</UL>
<BR>[Calls]<UL><LI><a href="#[4b]">&gt;&gt;</a>&nbsp;&nbsp;&nbsp;flashWaitStateMax
<LI><a href="#[4d]">&gt;&gt;</a>&nbsp;&nbsp;&nbsp;flashWaitStateControl
<LI><a href="#[3e]">&gt;&gt;</a>&nbsp;&nbsp;&nbsp;__ARM_common_switch8
<LI><a href="#[4a]">&gt;&gt;</a>&nbsp;&nbsp;&nbsp;CMU_ClockSelectGet
<LI><a href="#[1d]">&gt;&gt;</a>&nbsp;&nbsp;&nbsp;SystemCoreClockGet
</UL>
<BR>[Called By]<UL><LI><a href="#[17]">&gt;&gt;</a>&nbsp;&nbsp;&nbsp;main
</UL>

<P><STRONG><a name="[e9]"></a>CMU_HFRCOStartupDelayGet</STRONG> (Thumb, 16 bytes, Stack size 0 bytes, em_cmu.o(.text), UNUSED)

<P><STRONG><a name="[ea]"></a>CMU_HFRCOStartupDelaySet</STRONG> (Thumb, 28 bytes, Stack size 0 bytes, em_cmu.o(.text), UNUSED)

<P><STRONG><a name="[61]"></a>CMU_HFXOInit</STRONG> (Thumb, 62 bytes, Stack size 8 bytes, em_cmu.o(.text), UNUSED)
<BR><BR>[Calls]<UL><LI><a href="#[62]">&gt;&gt;</a>&nbsp;&nbsp;&nbsp;BUS_RegMaskedWrite
<LI><a href="#[5d]">&gt;&gt;</a>&nbsp;&nbsp;&nbsp;CMU_OscillatorEnable
<LI><a href="#[4a]">&gt;&gt;</a>&nbsp;&nbsp;&nbsp;CMU_ClockSelectGet
</UL>

<P><STRONG><a name="[eb]"></a>CMU_LCDClkFDIVGet</STRONG> (Thumb, 4 bytes, Stack size 0 bytes, em_cmu.o(.text), UNUSED)

<P><STRONG><a name="[ec]"></a>CMU_LCDClkFDIVSet</STRONG> (Thumb, 2 bytes, Stack size 0 bytes, em_cmu.o(.text), UNUSED)

<P><STRONG><a name="[63]"></a>CMU_LFXOInit</STRONG> (Thumb, 56 bytes, Stack size 16 bytes, em_cmu.o(.text), UNUSED)
<BR><BR>[Calls]<UL><LI><a href="#[62]">&gt;&gt;</a>&nbsp;&nbsp;&nbsp;BUS_RegMaskedWrite
<LI><a href="#[5d]">&gt;&gt;</a>&nbsp;&nbsp;&nbsp;CMU_OscillatorEnable
<LI><a href="#[4a]">&gt;&gt;</a>&nbsp;&nbsp;&nbsp;CMU_ClockSelectGet
</UL>

<P><STRONG><a name="[ed]"></a>CMU_OscillatorTuningGet</STRONG> (Thumb, 56 bytes, Stack size 0 bytes, em_cmu.o(.text), UNUSED)

<P><STRONG><a name="[ee]"></a>CMU_OscillatorTuningSet</STRONG> (Thumb, 88 bytes, Stack size 0 bytes, em_cmu.o(.text), UNUSED)

<P><STRONG><a name="[ef]"></a>CMU_PCNTClockExternalGet</STRONG> (Thumb, 34 bytes, Stack size 0 bytes, em_cmu.o(.text), UNUSED)

<P><STRONG><a name="[64]"></a>CMU_PCNTClockExternalSet</STRONG> (Thumb, 30 bytes, Stack size 16 bytes, em_cmu.o(.text), UNUSED)
<BR><BR>[Calls]<UL><LI><a href="#[5c]">&gt;&gt;</a>&nbsp;&nbsp;&nbsp;BUS_RegBitWrite
</UL>

<P><STRONG><a name="[66]"></a>EMU_EnterEM2</STRONG> (Thumb, 64 bytes, Stack size 8 bytes, em_emu.o(.text))
<BR><BR>[Stack]<UL><LI>Max Depth = 16<LI>Call Chain = EMU_EnterEM2 &rArr; SystemCoreClockGet
</UL>
<BR>[Calls]<UL><LI><a href="#[67]">&gt;&gt;</a>&nbsp;&nbsp;&nbsp;emuRestore
<LI><a href="#[1d]">&gt;&gt;</a>&nbsp;&nbsp;&nbsp;SystemCoreClockGet
</UL>
<BR>[Called By]<UL><LI><a href="#[17]">&gt;&gt;</a>&nbsp;&nbsp;&nbsp;main
</UL>

<P><STRONG><a name="[68]"></a>EMU_EnterEM3</STRONG> (Thumb, 108 bytes, Stack size 16 bytes, em_emu.o(.text), UNUSED)
<BR><BR>[Calls]<UL><LI><a href="#[67]">&gt;&gt;</a>&nbsp;&nbsp;&nbsp;emuRestore
<LI><a href="#[1d]">&gt;&gt;</a>&nbsp;&nbsp;&nbsp;SystemCoreClockGet
</UL>

<P><STRONG><a name="[f0]"></a>EMU_EnterEM4</STRONG> (Thumb, 54 bytes, Stack size 8 bytes, em_emu.o(.text), UNUSED)

<P><STRONG><a name="[f1]"></a>EMU_MemPwrDown</STRONG> (Thumb, 2 bytes, Stack size 0 bytes, em_emu.o(.text), UNUSED)

<P><STRONG><a name="[5e]"></a>EMU_UpdateOscConfig</STRONG> (Thumb, 12 bytes, Stack size 0 bytes, em_emu.o(.text))
<BR><BR>[Called By]<UL><LI><a href="#[5d]">&gt;&gt;</a>&nbsp;&nbsp;&nbsp;CMU_OscillatorEnable
<LI><a href="#[5f]">&gt;&gt;</a>&nbsp;&nbsp;&nbsp;CMU_ClockSelectSet
</UL>

<P><STRONG><a name="[f2]"></a>EMU_EM23Init</STRONG> (Thumb, 30 bytes, Stack size 0 bytes, em_emu.o(.text), UNUSED)

<P><STRONG><a name="[f3]"></a>GPIO_DbgLocationSet</STRONG> (Thumb, 2 bytes, Stack size 0 bytes, em_gpio.o(.text), UNUSED)

<P><STRONG><a name="[f4]"></a>GPIO_DriveModeSet</STRONG> (Thumb, 30 bytes, Stack size 8 bytes, em_gpio.o(.text), UNUSED)

<P><STRONG><a name="[69]"></a>GPIO_ExtIntConfig</STRONG> (Thumb, 110 bytes, Stack size 24 bytes, em_gpio.o(.text))
<BR><BR>[Stack]<UL><LI>Max Depth = 36<LI>Call Chain = GPIO_ExtIntConfig &rArr; BUS_RegBitWrite
</UL>
<BR>[Calls]<UL><LI><a href="#[6a]">&gt;&gt;</a>&nbsp;&nbsp;&nbsp;BUS_RegMaskedWrite
<LI><a href="#[6b]">&gt;&gt;</a>&nbsp;&nbsp;&nbsp;BUS_RegBitWrite
</UL>
<BR>[Called By]<UL><LI><a href="#[bc]">&gt;&gt;</a>&nbsp;&nbsp;&nbsp;gpioSetup
</UL>

<P><STRONG><a name="[2e]"></a>GPIO_PinModeSet</STRONG> (Thumb, 150 bytes, Stack size 24 bytes, em_gpio.o(.text))
<BR><BR>[Stack]<UL><LI>Max Depth = 32<LI>Call Chain = GPIO_PinModeSet &rArr; GPIO_PinOutSet
</UL>
<BR>[Calls]<UL><LI><a href="#[6c]">&gt;&gt;</a>&nbsp;&nbsp;&nbsp;GPIO_PinOutSet
<LI><a href="#[6d]">&gt;&gt;</a>&nbsp;&nbsp;&nbsp;GPIO_PinOutClear
</UL>
<BR>[Called By]<UL><LI><a href="#[3c]">&gt;&gt;</a>&nbsp;&nbsp;&nbsp;lcd_init
<LI><a href="#[2c]">&gt;&gt;</a>&nbsp;&nbsp;&nbsp;I2CSPM_Init
<LI><a href="#[bc]">&gt;&gt;</a>&nbsp;&nbsp;&nbsp;gpioSetup
<LI><a href="#[b8]">&gt;&gt;</a>&nbsp;&nbsp;&nbsp;init_usart
<LI><a href="#[b3]">&gt;&gt;</a>&nbsp;&nbsp;&nbsp;spiInit
</UL>

<P><STRONG><a name="[f5]"></a>GPIO_PinModeGet</STRONG> (Thumb, 50 bytes, Stack size 0 bytes, em_gpio.o(.text), UNUSED)

<P><STRONG><a name="[f6]"></a>GPIO_EM4EnablePinWakeup</STRONG> (Thumb, 74 bytes, Stack size 8 bytes, em_gpio.o(.text), UNUSED)

<P><STRONG><a name="[6e]"></a>LEUART_BaudrateCalc</STRONG> (Thumb, 54 bytes, Stack size 32 bytes, em_leuart.o(.text), UNUSED)
<BR><BR>[Calls]<UL><LI><a href="#[41]">&gt;&gt;</a>&nbsp;&nbsp;&nbsp;__aeabi_uidivmod
</UL>
<BR>[Called By]<UL><LI><a href="#[6f]">&gt;&gt;</a>&nbsp;&nbsp;&nbsp;LEUART_BaudrateGet
</UL>

<P><STRONG><a name="[6f]"></a>LEUART_BaudrateGet</STRONG> (Thumb, 36 bytes, Stack size 16 bytes, em_leuart.o(.text), UNUSED)
<BR><BR>[Calls]<UL><LI><a href="#[6e]">&gt;&gt;</a>&nbsp;&nbsp;&nbsp;LEUART_BaudrateCalc
<LI><a href="#[40]">&gt;&gt;</a>&nbsp;&nbsp;&nbsp;CMU_ClockFreqGet
</UL>

<P><STRONG><a name="[70]"></a>LEUART_BaudrateSet</STRONG> (Thumb, 62 bytes, Stack size 32 bytes, em_leuart.o(.text))
<BR><BR>[Stack]<UL><LI>Max Depth = 72<LI>Call Chain = LEUART_BaudrateSet &rArr; CMU_ClockFreqGet &rArr; lfClkGet &rArr; CMU_ClockSelectGet
</UL>
<BR>[Calls]<UL><LI><a href="#[71]">&gt;&gt;</a>&nbsp;&nbsp;&nbsp;LEUART_Sync
<LI><a href="#[40]">&gt;&gt;</a>&nbsp;&nbsp;&nbsp;CMU_ClockFreqGet
<LI><a href="#[41]">&gt;&gt;</a>&nbsp;&nbsp;&nbsp;__aeabi_uidivmod
</UL>
<BR>[Called By]<UL><LI><a href="#[73]">&gt;&gt;</a>&nbsp;&nbsp;&nbsp;LEUART_Init
</UL>

<P><STRONG><a name="[72]"></a>LEUART_Enable</STRONG> (Thumb, 32 bytes, Stack size 16 bytes, em_leuart.o(.text))
<BR><BR>[Stack]<UL><LI>Max Depth = 16<LI>Call Chain = LEUART_Enable
</UL>
<BR>[Calls]<UL><LI><a href="#[71]">&gt;&gt;</a>&nbsp;&nbsp;&nbsp;LEUART_Sync
</UL>
<BR>[Called By]<UL><LI><a href="#[b8]">&gt;&gt;</a>&nbsp;&nbsp;&nbsp;init_usart
</UL>

<P><STRONG><a name="[74]"></a>LEUART_FreezeEnable</STRONG> (Thumb, 24 bytes, Stack size 0 bytes, em_leuart.o(.text))
<BR><BR>[Called By]<UL><LI><a href="#[75]">&gt;&gt;</a>&nbsp;&nbsp;&nbsp;LEUART_Reset
<LI><a href="#[73]">&gt;&gt;</a>&nbsp;&nbsp;&nbsp;LEUART_Init
</UL>

<P><STRONG><a name="[73]"></a>LEUART_Init</STRONG> (Thumb, 70 bytes, Stack size 16 bytes, em_leuart.o(.text))
<BR><BR>[Stack]<UL><LI>Max Depth = 88<LI>Call Chain = LEUART_Init &rArr; LEUART_BaudrateSet &rArr; CMU_ClockFreqGet &rArr; lfClkGet &rArr; CMU_ClockSelectGet
</UL>
<BR>[Calls]<UL><LI><a href="#[71]">&gt;&gt;</a>&nbsp;&nbsp;&nbsp;LEUART_Sync
<LI><a href="#[74]">&gt;&gt;</a>&nbsp;&nbsp;&nbsp;LEUART_FreezeEnable
<LI><a href="#[70]">&gt;&gt;</a>&nbsp;&nbsp;&nbsp;LEUART_BaudrateSet
</UL>
<BR>[Called By]<UL><LI><a href="#[b8]">&gt;&gt;</a>&nbsp;&nbsp;&nbsp;init_usart
</UL>

<P><STRONG><a name="[75]"></a>LEUART_Reset</STRONG> (Thumb, 48 bytes, Stack size 4 bytes, em_leuart.o(.text), UNUSED)
<BR><BR>[Calls]<UL><LI><a href="#[74]">&gt;&gt;</a>&nbsp;&nbsp;&nbsp;LEUART_FreezeEnable
</UL>

<P><STRONG><a name="[f7]"></a>LEUART_Rx</STRONG> (Thumb, 20 bytes, Stack size 0 bytes, em_leuart.o(.text), UNUSED)

<P><STRONG><a name="[f8]"></a>LEUART_RxExt</STRONG> (Thumb, 20 bytes, Stack size 0 bytes, em_leuart.o(.text), UNUSED)

<P><STRONG><a name="[76]"></a>LEUART_Tx</STRONG> (Thumb, 30 bytes, Stack size 16 bytes, em_leuart.o(.text))
<BR><BR>[Stack]<UL><LI>Max Depth = 16<LI>Call Chain = LEUART_Tx
</UL>
<BR>[Calls]<UL><LI><a href="#[71]">&gt;&gt;</a>&nbsp;&nbsp;&nbsp;LEUART_Sync
</UL>
<BR>[Called By]<UL><LI><a href="#[a4]">&gt;&gt;</a>&nbsp;&nbsp;&nbsp;esp_8266_send
</UL>

<P><STRONG><a name="[77]"></a>LEUART_TxExt</STRONG> (Thumb, 30 bytes, Stack size 16 bytes, em_leuart.o(.text), UNUSED)
<BR><BR>[Calls]<UL><LI><a href="#[71]">&gt;&gt;</a>&nbsp;&nbsp;&nbsp;LEUART_Sync
</UL>

<P><STRONG><a name="[78]"></a>LEUART_TxDmaInEM2Enable</STRONG> (Thumb, 42 bytes, Stack size 16 bytes, em_leuart.o(.text), UNUSED)
<BR><BR>[Calls]<UL><LI><a href="#[71]">&gt;&gt;</a>&nbsp;&nbsp;&nbsp;LEUART_Sync
</UL>

<P><STRONG><a name="[79]"></a>LEUART_RxDmaInEM2Enable</STRONG> (Thumb, 42 bytes, Stack size 16 bytes, em_leuart.o(.text), UNUSED)
<BR><BR>[Calls]<UL><LI><a href="#[71]">&gt;&gt;</a>&nbsp;&nbsp;&nbsp;LEUART_Sync
</UL>

<P><STRONG><a name="[f9]"></a>RTC_CompareGet</STRONG> (Thumb, 32 bytes, Stack size 0 bytes, em_rtc.o(.text), UNUSED)

<P><STRONG><a name="[be]"></a>RTC_CompareSet</STRONG> (Thumb, 34 bytes, Stack size 0 bytes, em_rtc.o(.text))
<BR><BR>[Called By]<UL><LI><a href="#[bd]">&gt;&gt;</a>&nbsp;&nbsp;&nbsp;rtcSetup
</UL>

<P><STRONG><a name="[7b]"></a>RTC_Enable</STRONG> (Thumb, 32 bytes, Stack size 8 bytes, em_rtc.o(.text))
<BR><BR>[Stack]<UL><LI>Max Depth = 8<LI>Call Chain = RTC_Enable
</UL>
<BR>[Called By]<UL><LI><a href="#[bd]">&gt;&gt;</a>&nbsp;&nbsp;&nbsp;rtcSetup
<LI><a href="#[7a]">&gt;&gt;</a>&nbsp;&nbsp;&nbsp;RTC_CounterReset
</UL>

<P><STRONG><a name="[fa]"></a>RTC_FreezeEnable</STRONG> (Thumb, 20 bytes, Stack size 0 bytes, em_rtc.o(.text), UNUSED)

<P><STRONG><a name="[c0]"></a>RTC_Init</STRONG> (Thumb, 40 bytes, Stack size 0 bytes, em_rtc.o(.text))
<BR><BR>[Called By]<UL><LI><a href="#[bd]">&gt;&gt;</a>&nbsp;&nbsp;&nbsp;rtcSetup
</UL>

<P><STRONG><a name="[fb]"></a>RTC_Reset</STRONG> (Thumb, 18 bytes, Stack size 0 bytes, em_rtc.o(.text), UNUSED)

<P><STRONG><a name="[7a]"></a>RTC_CounterReset</STRONG> (Thumb, 16 bytes, Stack size 4 bytes, em_rtc.o(.text), UNUSED)
<BR><BR>[Calls]<UL><LI><a href="#[7b]">&gt;&gt;</a>&nbsp;&nbsp;&nbsp;RTC_Enable
</UL>

<P><STRONG><a name="[7c]"></a>USART_BaudrateAsyncSet</STRONG> (Thumb, 116 bytes, Stack size 40 bytes, em_usart.o(.text), UNUSED)
<BR><BR>[Calls]<UL><LI><a href="#[40]">&gt;&gt;</a>&nbsp;&nbsp;&nbsp;CMU_ClockFreqGet
<LI><a href="#[41]">&gt;&gt;</a>&nbsp;&nbsp;&nbsp;__aeabi_uidivmod
</UL>
<BR>[Called By]<UL><LI><a href="#[82]">&gt;&gt;</a>&nbsp;&nbsp;&nbsp;USART_InitAsync
</UL>

<P><STRONG><a name="[7d]"></a>USART_BaudrateCalc</STRONG> (Thumb, 204 bytes, Stack size 104 bytes, em_usart.o(.text), UNUSED)
<BR><BR>[Calls]<UL><LI><a href="#[7f]">&gt;&gt;</a>&nbsp;&nbsp;&nbsp;__aeabi_lmul
<LI><a href="#[7e]">&gt;&gt;</a>&nbsp;&nbsp;&nbsp;__aeabi_uldivmod
</UL>
<BR>[Called By]<UL><LI><a href="#[80]">&gt;&gt;</a>&nbsp;&nbsp;&nbsp;USART_BaudrateGet
</UL>

<P><STRONG><a name="[80]"></a>USART_BaudrateGet</STRONG> (Thumb, 48 bytes, Stack size 24 bytes, em_usart.o(.text), UNUSED)
<BR><BR>[Calls]<UL><LI><a href="#[40]">&gt;&gt;</a>&nbsp;&nbsp;&nbsp;CMU_ClockFreqGet
<LI><a href="#[7d]">&gt;&gt;</a>&nbsp;&nbsp;&nbsp;USART_BaudrateCalc
</UL>

<P><STRONG><a name="[81]"></a>USART_BaudrateSyncSet</STRONG> (Thumb, 64 bytes, Stack size 24 bytes, em_usart.o(.text))
<BR><BR>[Stack]<UL><LI>Max Depth = 64<LI>Call Chain = USART_BaudrateSyncSet &rArr; CMU_ClockFreqGet &rArr; lfClkGet &rArr; CMU_ClockSelectGet
</UL>
<BR>[Calls]<UL><LI><a href="#[40]">&gt;&gt;</a>&nbsp;&nbsp;&nbsp;CMU_ClockFreqGet
<LI><a href="#[41]">&gt;&gt;</a>&nbsp;&nbsp;&nbsp;__aeabi_uidivmod
</UL>
<BR>[Called By]<UL><LI><a href="#[84]">&gt;&gt;</a>&nbsp;&nbsp;&nbsp;USART_InitSync
</UL>

<P><STRONG><a name="[87]"></a>USART_Enable</STRONG> (Thumb, 14 bytes, Stack size 0 bytes, em_usart.o(.text), UNUSED)
<BR><BR>[Called By]<UL><LI><a href="#[86]">&gt;&gt;</a>&nbsp;&nbsp;&nbsp;USART_InitI2s
</UL>

<P><STRONG><a name="[83]"></a>USART_Reset</STRONG> (Thumb, 54 bytes, Stack size 0 bytes, em_usart.o(.text))
<BR><BR>[Called By]<UL><LI><a href="#[84]">&gt;&gt;</a>&nbsp;&nbsp;&nbsp;USART_InitSync
<LI><a href="#[82]">&gt;&gt;</a>&nbsp;&nbsp;&nbsp;USART_InitAsync
</UL>

<P><STRONG><a name="[82]"></a>USART_InitAsync</STRONG> (Thumb, 72 bytes, Stack size 16 bytes, em_usart.o(.text), UNUSED)
<BR><BR>[Calls]<UL><LI><a href="#[83]">&gt;&gt;</a>&nbsp;&nbsp;&nbsp;USART_Reset
<LI><a href="#[7c]">&gt;&gt;</a>&nbsp;&nbsp;&nbsp;USART_BaudrateAsyncSet
</UL>
<BR>[Called By]<UL><LI><a href="#[85]">&gt;&gt;</a>&nbsp;&nbsp;&nbsp;USARTn_InitIrDA
</UL>

<P><STRONG><a name="[84]"></a>USART_InitSync</STRONG> (Thumb, 110 bytes, Stack size 16 bytes, em_usart.o(.text))
<BR><BR>[Stack]<UL><LI>Max Depth = 80<LI>Call Chain = USART_InitSync &rArr; USART_BaudrateSyncSet &rArr; CMU_ClockFreqGet &rArr; lfClkGet &rArr; CMU_ClockSelectGet
</UL>
<BR>[Calls]<UL><LI><a href="#[83]">&gt;&gt;</a>&nbsp;&nbsp;&nbsp;USART_Reset
<LI><a href="#[81]">&gt;&gt;</a>&nbsp;&nbsp;&nbsp;USART_BaudrateSyncSet
</UL>
<BR>[Called By]<UL><LI><a href="#[b3]">&gt;&gt;</a>&nbsp;&nbsp;&nbsp;spiInit
<LI><a href="#[86]">&gt;&gt;</a>&nbsp;&nbsp;&nbsp;USART_InitI2s
</UL>

<P><STRONG><a name="[85]"></a>USARTn_InitIrDA</STRONG> (Thumb, 72 bytes, Stack size 16 bytes, em_usart.o(.text), UNUSED)
<BR><BR>[Calls]<UL><LI><a href="#[82]">&gt;&gt;</a>&nbsp;&nbsp;&nbsp;USART_InitAsync
</UL>

<P><STRONG><a name="[86]"></a>USART_InitI2s</STRONG> (Thumb, 88 bytes, Stack size 16 bytes, em_usart.o(.text), UNUSED)
<BR><BR>[Calls]<UL><LI><a href="#[84]">&gt;&gt;</a>&nbsp;&nbsp;&nbsp;USART_InitSync
<LI><a href="#[87]">&gt;&gt;</a>&nbsp;&nbsp;&nbsp;USART_Enable
</UL>

<P><STRONG><a name="[fc]"></a>USART_InitPrsTrigger</STRONG> (Thumb, 50 bytes, Stack size 8 bytes, em_usart.o(.text), UNUSED)

<P><STRONG><a name="[fd]"></a>USART_Rx</STRONG> (Thumb, 20 bytes, Stack size 0 bytes, em_usart.o(.text), UNUSED)

<P><STRONG><a name="[fe]"></a>USART_RxDouble</STRONG> (Thumb, 22 bytes, Stack size 0 bytes, em_usart.o(.text), UNUSED)

<P><STRONG><a name="[ff]"></a>USART_RxDoubleExt</STRONG> (Thumb, 20 bytes, Stack size 0 bytes, em_usart.o(.text), UNUSED)

<P><STRONG><a name="[100]"></a>USART_RxExt</STRONG> (Thumb, 20 bytes, Stack size 0 bytes, em_usart.o(.text), UNUSED)

<P><STRONG><a name="[8f]"></a>USART_SpiTransfer</STRONG> (Thumb, 58 bytes, Stack size 0 bytes, em_usart.o(.text))
<BR><BR>[Called By]<UL><LI><a href="#[96]">&gt;&gt;</a>&nbsp;&nbsp;&nbsp;Nrf24l01_transmit
<LI><a href="#[95]">&gt;&gt;</a>&nbsp;&nbsp;&nbsp;Config_transmitter
<LI><a href="#[94]">&gt;&gt;</a>&nbsp;&nbsp;&nbsp;NRF_Read_reg
<LI><a href="#[91]">&gt;&gt;</a>&nbsp;&nbsp;&nbsp;multi_read
<LI><a href="#[8c]">&gt;&gt;</a>&nbsp;&nbsp;&nbsp;NRF_Write_reg
</UL>

<P><STRONG><a name="[101]"></a>USART_Tx</STRONG> (Thumb, 16 bytes, Stack size 0 bytes, em_usart.o(.text), UNUSED)

<P><STRONG><a name="[102]"></a>USART_TxDouble</STRONG> (Thumb, 16 bytes, Stack size 0 bytes, em_usart.o(.text), UNUSED)

<P><STRONG><a name="[103]"></a>USART_TxDoubleExt</STRONG> (Thumb, 16 bytes, Stack size 0 bytes, em_usart.o(.text), UNUSED)

<P><STRONG><a name="[104]"></a>USART_TxExt</STRONG> (Thumb, 16 bytes, Stack size 0 bytes, em_usart.o(.text), UNUSED)

<P><STRONG><a name="[88]"></a>I2C_BusFreqGet</STRONG> (Thumb, 42 bytes, Stack size 16 bytes, em_i2c.o(.text), UNUSED)
<BR><BR>[Calls]<UL><LI><a href="#[40]">&gt;&gt;</a>&nbsp;&nbsp;&nbsp;CMU_ClockFreqGet
<LI><a href="#[41]">&gt;&gt;</a>&nbsp;&nbsp;&nbsp;__aeabi_uidivmod
</UL>

<P><STRONG><a name="[89]"></a>I2C_BusFreqSet</STRONG> (Thumb, 188 bytes, Stack size 32 bytes, em_i2c.o(.text))
<BR><BR>[Stack]<UL><LI>Max Depth = 72<LI>Call Chain = I2C_BusFreqSet &rArr; CMU_ClockFreqGet &rArr; lfClkGet &rArr; CMU_ClockSelectGet
</UL>
<BR>[Calls]<UL><LI><a href="#[40]">&gt;&gt;</a>&nbsp;&nbsp;&nbsp;CMU_ClockFreqGet
<LI><a href="#[41]">&gt;&gt;</a>&nbsp;&nbsp;&nbsp;__aeabi_uidivmod
</UL>
<BR>[Called By]<UL><LI><a href="#[2f]">&gt;&gt;</a>&nbsp;&nbsp;&nbsp;I2C_Init
</UL>

<P><STRONG><a name="[8a]"></a>I2C_Enable</STRONG> (Thumb, 18 bytes, Stack size 16 bytes, em_i2c.o(.text), UNUSED)
<BR><BR>[Calls]<UL><LI><a href="#[8b]">&gt;&gt;</a>&nbsp;&nbsp;&nbsp;BUS_RegBitWrite
</UL>

<P><STRONG><a name="[2f]"></a>I2C_Init</STRONG> (Thumb, 60 bytes, Stack size 16 bytes, em_i2c.o(.text))
<BR><BR>[Stack]<UL><LI>Max Depth = 88<LI>Call Chain = I2C_Init &rArr; I2C_BusFreqSet &rArr; CMU_ClockFreqGet &rArr; lfClkGet &rArr; CMU_ClockSelectGet
</UL>
<BR>[Calls]<UL><LI><a href="#[89]">&gt;&gt;</a>&nbsp;&nbsp;&nbsp;I2C_BusFreqSet
<LI><a href="#[8b]">&gt;&gt;</a>&nbsp;&nbsp;&nbsp;BUS_RegBitWrite
</UL>
<BR>[Called By]<UL><LI><a href="#[2c]">&gt;&gt;</a>&nbsp;&nbsp;&nbsp;I2CSPM_Init
</UL>

<P><STRONG><a name="[105]"></a>I2C_Reset</STRONG> (Thumb, 18 bytes, Stack size 0 bytes, em_i2c.o(.text), UNUSED)

<P><STRONG><a name="[31]"></a>I2C_Transfer</STRONG> (Thumb, 820 bytes, Stack size 32 bytes, em_i2c.o(.text))
<BR><BR>[Stack]<UL><LI>Max Depth = 40<LI>Call Chain = I2C_Transfer &rArr; __ARM_common_switch8
</UL>
<BR>[Calls]<UL><LI><a href="#[3e]">&gt;&gt;</a>&nbsp;&nbsp;&nbsp;__ARM_common_switch8
</UL>
<BR>[Called By]<UL><LI><a href="#[30]">&gt;&gt;</a>&nbsp;&nbsp;&nbsp;I2C_TransferInit
<LI><a href="#[22]">&gt;&gt;</a>&nbsp;&nbsp;&nbsp;I2CSPM_Transfer
</UL>

<P><STRONG><a name="[30]"></a>I2C_TransferInit</STRONG> (Thumb, 128 bytes, Stack size 16 bytes, em_i2c.o(.text))
<BR><BR>[Stack]<UL><LI>Max Depth = 56<LI>Call Chain = I2C_TransferInit &rArr; I2C_Transfer &rArr; __ARM_common_switch8
</UL>
<BR>[Calls]<UL><LI><a href="#[31]">&gt;&gt;</a>&nbsp;&nbsp;&nbsp;I2C_Transfer
</UL>
<BR>[Called By]<UL><LI><a href="#[22]">&gt;&gt;</a>&nbsp;&nbsp;&nbsp;I2CSPM_Transfer
</UL>

<P><STRONG><a name="[8e]"></a>delay_</STRONG> (Thumb, 2 bytes, Stack size 0 bytes, nrf24l01.o(.text))
<BR><BR>[Called By]<UL><LI><a href="#[96]">&gt;&gt;</a>&nbsp;&nbsp;&nbsp;Nrf24l01_transmit
<LI><a href="#[95]">&gt;&gt;</a>&nbsp;&nbsp;&nbsp;Config_transmitter
<LI><a href="#[8c]">&gt;&gt;</a>&nbsp;&nbsp;&nbsp;NRF_Write_reg
</UL>

<P><STRONG><a name="[8c]"></a>NRF_Write_reg</STRONG> (Thumb, 74 bytes, Stack size 24 bytes, nrf24l01.o(.text), UNUSED)
<BR><BR>[Calls]<UL><LI><a href="#[8e]">&gt;&gt;</a>&nbsp;&nbsp;&nbsp;delay_
<LI><a href="#[90]">&gt;&gt;</a>&nbsp;&nbsp;&nbsp;GPIO_PinOutSet
<LI><a href="#[8d]">&gt;&gt;</a>&nbsp;&nbsp;&nbsp;GPIO_PinOutClear
<LI><a href="#[8f]">&gt;&gt;</a>&nbsp;&nbsp;&nbsp;USART_SpiTransfer
</UL>

<P><STRONG><a name="[91]"></a>multi_read</STRONG> (Thumb, 104 bytes, Stack size 32 bytes, nrf24l01.o(.text), UNUSED)
<BR><BR>[Calls]<UL><LI><a href="#[90]">&gt;&gt;</a>&nbsp;&nbsp;&nbsp;GPIO_PinOutSet
<LI><a href="#[8d]">&gt;&gt;</a>&nbsp;&nbsp;&nbsp;GPIO_PinOutClear
<LI><a href="#[93]">&gt;&gt;</a>&nbsp;&nbsp;&nbsp;NVIC_DisableIRQ
<LI><a href="#[92]">&gt;&gt;</a>&nbsp;&nbsp;&nbsp;NVIC_EnableIRQ
<LI><a href="#[8f]">&gt;&gt;</a>&nbsp;&nbsp;&nbsp;USART_SpiTransfer
</UL>

<P><STRONG><a name="[94]"></a>NRF_Read_reg</STRONG> (Thumb, 84 bytes, Stack size 16 bytes, nrf24l01.o(.text), UNUSED)
<BR><BR>[Calls]<UL><LI><a href="#[90]">&gt;&gt;</a>&nbsp;&nbsp;&nbsp;GPIO_PinOutSet
<LI><a href="#[8d]">&gt;&gt;</a>&nbsp;&nbsp;&nbsp;GPIO_PinOutClear
<LI><a href="#[93]">&gt;&gt;</a>&nbsp;&nbsp;&nbsp;NVIC_DisableIRQ
<LI><a href="#[92]">&gt;&gt;</a>&nbsp;&nbsp;&nbsp;NVIC_EnableIRQ
<LI><a href="#[8f]">&gt;&gt;</a>&nbsp;&nbsp;&nbsp;USART_SpiTransfer
</UL>

<P><STRONG><a name="[106]"></a>Nrf24l01_init</STRONG> (Thumb, 2 bytes, Stack size 0 bytes, nrf24l01.o(.text), UNUSED)

<P><STRONG><a name="[95]"></a>Config_transmitter</STRONG> (Thumb, 370 bytes, Stack size 16 bytes, nrf24l01.o(.text))
<BR><BR>[Stack]<UL><LI>Max Depth = 24<LI>Call Chain = Config_transmitter &rArr; GPIO_PinOutSet
</UL>
<BR>[Calls]<UL><LI><a href="#[8e]">&gt;&gt;</a>&nbsp;&nbsp;&nbsp;delay_
<LI><a href="#[90]">&gt;&gt;</a>&nbsp;&nbsp;&nbsp;GPIO_PinOutSet
<LI><a href="#[8d]">&gt;&gt;</a>&nbsp;&nbsp;&nbsp;GPIO_PinOutClear
<LI><a href="#[8f]">&gt;&gt;</a>&nbsp;&nbsp;&nbsp;USART_SpiTransfer
</UL>
<BR>[Called By]<UL><LI><a href="#[17]">&gt;&gt;</a>&nbsp;&nbsp;&nbsp;main
</UL>

<P><STRONG><a name="[96]"></a>Nrf24l01_transmit</STRONG> (Thumb, 286 bytes, Stack size 24 bytes, nrf24l01.o(.text))
<BR><BR>[Stack]<UL><LI>Max Depth = 32<LI>Call Chain = Nrf24l01_transmit &rArr; GPIO_PinOutSet
</UL>
<BR>[Calls]<UL><LI><a href="#[8e]">&gt;&gt;</a>&nbsp;&nbsp;&nbsp;delay_
<LI><a href="#[90]">&gt;&gt;</a>&nbsp;&nbsp;&nbsp;GPIO_PinOutSet
<LI><a href="#[8d]">&gt;&gt;</a>&nbsp;&nbsp;&nbsp;GPIO_PinOutClear
<LI><a href="#[8f]">&gt;&gt;</a>&nbsp;&nbsp;&nbsp;USART_SpiTransfer
</UL>
<BR>[Called By]<UL><LI><a href="#[17]">&gt;&gt;</a>&nbsp;&nbsp;&nbsp;main
</UL>

<P><STRONG><a name="[107]"></a>delay_ms</STRONG> (Thumb, 24 bytes, Stack size 0 bytes, nrf24l01.o(.text), UNUSED)

<P><STRONG><a name="[6]"></a>DMA_IRQHandler</STRONG> (Thumb, 146 bytes, Stack size 40 bytes, em_dma.o(.text))
<BR><BR>[Stack]<UL><LI>Max Depth = 40<LI>Call Chain = DMA_IRQHandler
</UL>
<BR>[Address Reference Count : 1]<UL><LI> startup_efm32zg_1.o(RESET)
</UL>
<P><STRONG><a name="[97]"></a>DMA_ActivateAuto</STRONG> (Thumb, 52 bytes, Stack size 40 bytes, em_dma.o(.text), UNUSED)
<BR><BR>[Calls]<UL><LI><a href="#[98]">&gt;&gt;</a>&nbsp;&nbsp;&nbsp;DMA_Prepare
</UL>

<P><STRONG><a name="[99]"></a>DMA_ActivateBasic</STRONG> (Thumb, 42 bytes, Stack size 32 bytes, em_dma.o(.text), UNUSED)
<BR><BR>[Calls]<UL><LI><a href="#[98]">&gt;&gt;</a>&nbsp;&nbsp;&nbsp;DMA_Prepare
</UL>

<P><STRONG><a name="[9a]"></a>DMA_ActivatePingPong</STRONG> (Thumb, 64 bytes, Stack size 32 bytes, em_dma.o(.text), UNUSED)
<BR><BR>[Calls]<UL><LI><a href="#[98]">&gt;&gt;</a>&nbsp;&nbsp;&nbsp;DMA_Prepare
</UL>

<P><STRONG><a name="[108]"></a>DMA_ActivateScatterGather</STRONG> (Thumb, 184 bytes, Stack size 40 bytes, em_dma.o(.text), UNUSED)

<P><STRONG><a name="[9b]"></a>DMA_CfgChannel</STRONG> (Thumb, 98 bytes, Stack size 16 bytes, em_dma.o(.text), UNUSED)
<BR><BR>[Calls]<UL><LI><a href="#[9c]">&gt;&gt;</a>&nbsp;&nbsp;&nbsp;BUS_RegBitWrite
</UL>

<P><STRONG><a name="[109]"></a>DMA_CfgDescr</STRONG> (Thumb, 60 bytes, Stack size 12 bytes, em_dma.o(.text), UNUSED)

<P><STRONG><a name="[10a]"></a>DMA_CfgDescrScatterGather</STRONG> (Thumb, 118 bytes, Stack size 12 bytes, em_dma.o(.text), UNUSED)

<P><STRONG><a name="[10b]"></a>DMA_ChannelEnable</STRONG> (Thumb, 24 bytes, Stack size 0 bytes, em_dma.o(.text), UNUSED)

<P><STRONG><a name="[10c]"></a>DMA_ChannelEnabled</STRONG> (Thumb, 14 bytes, Stack size 0 bytes, em_dma.o(.text), UNUSED)

<P><STRONG><a name="[9d]"></a>DMA_ChannelRequestEnable</STRONG> (Thumb, 48 bytes, Stack size 16 bytes, em_dma.o(.text), UNUSED)
<BR><BR>[Calls]<UL><LI><a href="#[9c]">&gt;&gt;</a>&nbsp;&nbsp;&nbsp;BUS_RegBitWrite
</UL>

<P><STRONG><a name="[9f]"></a>DMA_Reset</STRONG> (Thumb, 76 bytes, Stack size 0 bytes, em_dma.o(.text), UNUSED)
<BR><BR>[Called By]<UL><LI><a href="#[9e]">&gt;&gt;</a>&nbsp;&nbsp;&nbsp;DMA_Init
</UL>

<P><STRONG><a name="[9e]"></a>DMA_Init</STRONG> (Thumb, 66 bytes, Stack size 8 bytes, em_dma.o(.text), UNUSED)
<BR><BR>[Calls]<UL><LI><a href="#[2d]">&gt;&gt;</a>&nbsp;&nbsp;&nbsp;CMU_ClockEnable
<LI><a href="#[9f]">&gt;&gt;</a>&nbsp;&nbsp;&nbsp;DMA_Reset
</UL>

<P><STRONG><a name="[10d]"></a>DMA_RefreshPingPong</STRONG> (Thumb, 162 bytes, Stack size 40 bytes, em_dma.o(.text), UNUSED)

<P><STRONG><a name="[a0]"></a>RMU_ResetControl</STRONG> (Thumb, 52 bytes, Stack size 16 bytes, em_rmu.o(.text), UNUSED)
<BR><BR>[Calls]<UL><LI><a href="#[a1]">&gt;&gt;</a>&nbsp;&nbsp;&nbsp;BUS_RegBitWrite
</UL>

<P><STRONG><a name="[a2]"></a>RMU_ResetCauseClear</STRONG> (Thumb, 74 bytes, Stack size 8 bytes, em_rmu.o(.text))
<BR><BR>[Stack]<UL><LI>Max Depth = 20<LI>Call Chain = RMU_ResetCauseClear &rArr; BUS_RegBitWrite
</UL>
<BR>[Calls]<UL><LI><a href="#[a1]">&gt;&gt;</a>&nbsp;&nbsp;&nbsp;BUS_RegBitWrite
</UL>
<BR>[Called By]<UL><LI><a href="#[17]">&gt;&gt;</a>&nbsp;&nbsp;&nbsp;main
</UL>

<P><STRONG><a name="[c5]"></a>RMU_ResetCauseGet</STRONG> (Thumb, 52 bytes, Stack size 12 bytes, em_rmu.o(.text))
<BR><BR>[Stack]<UL><LI>Max Depth = 12<LI>Call Chain = RMU_ResetCauseGet
</UL>
<BR>[Called By]<UL><LI><a href="#[17]">&gt;&gt;</a>&nbsp;&nbsp;&nbsp;main
</UL>

<P><STRONG><a name="[a4]"></a>esp_8266_send</STRONG> (Thumb, 44 bytes, Stack size 16 bytes, weatherstation.o(.text))
<BR><BR>[Stack]<UL><LI>Max Depth = 32<LI>Call Chain = esp_8266_send &rArr; LEUART_Tx
</UL>
<BR>[Calls]<UL><LI><a href="#[76]">&gt;&gt;</a>&nbsp;&nbsp;&nbsp;LEUART_Tx
</UL>
<BR>[Called By]<UL><LI><a href="#[17]">&gt;&gt;</a>&nbsp;&nbsp;&nbsp;main
<LI><a href="#[a7]">&gt;&gt;</a>&nbsp;&nbsp;&nbsp;esp_8266
</UL>

<P><STRONG><a name="[a5]"></a>delay_s</STRONG> (Thumb, 30 bytes, Stack size 8 bytes, weatherstation.o(.text))
<BR><BR>[Stack]<UL><LI>Max Depth = 36<LI>Call Chain = delay_s &rArr; __aeabi_idivmod &rArr; __aeabi_uidivmod
</UL>
<BR>[Calls]<UL><LI><a href="#[a6]">&gt;&gt;</a>&nbsp;&nbsp;&nbsp;__aeabi_idivmod
</UL>
<BR>[Called By]<UL><LI><a href="#[17]">&gt;&gt;</a>&nbsp;&nbsp;&nbsp;main
<LI><a href="#[a7]">&gt;&gt;</a>&nbsp;&nbsp;&nbsp;esp_8266
</UL>

<P><STRONG><a name="[a7]"></a>esp_8266</STRONG> (Thumb, 808 bytes, Stack size 200 bytes, weatherstation.o(.text))
<BR><BR>[Stack]<UL><LI>Max Depth = 248<LI>Call Chain = esp_8266 &rArr; lcd_git_xy &rArr; lcd_komut &rArr; GPIO_WriteBit &rArr; GPIO_PinOutClear
</UL>
<BR>[Calls]<UL><LI><a href="#[3a]">&gt;&gt;</a>&nbsp;&nbsp;&nbsp;lcd_temizle
<LI><a href="#[39]">&gt;&gt;</a>&nbsp;&nbsp;&nbsp;lcd_git_xy
<LI><a href="#[37]">&gt;&gt;</a>&nbsp;&nbsp;&nbsp;lcd_yazi_yaz
<LI><a href="#[34]">&gt;&gt;</a>&nbsp;&nbsp;&nbsp;lcd_komut
<LI><a href="#[aa]">&gt;&gt;</a>&nbsp;&nbsp;&nbsp;strstr
<LI><a href="#[a9]">&gt;&gt;</a>&nbsp;&nbsp;&nbsp;__aeabi_memclr
<LI><a href="#[a8]">&gt;&gt;</a>&nbsp;&nbsp;&nbsp;__aeabi_memcpy4
<LI><a href="#[a5]">&gt;&gt;</a>&nbsp;&nbsp;&nbsp;delay_s
<LI><a href="#[a4]">&gt;&gt;</a>&nbsp;&nbsp;&nbsp;esp_8266_send
</UL>
<BR>[Called By]<UL><LI><a href="#[17]">&gt;&gt;</a>&nbsp;&nbsp;&nbsp;main
</UL>

<P><STRONG><a name="[ab]"></a>calc_pressure</STRONG> (Thumb, 80 bytes, Stack size 24 bytes, weatherstation.o(.text))
<BR><BR>[Stack]<UL><LI>Max Depth = 152<LI>Call Chain = calc_pressure &rArr; __aeabi_dmul &rArr; _double_epilogue &rArr; _double_round
</UL>
<BR>[Calls]<UL><LI><a href="#[ac]">&gt;&gt;</a>&nbsp;&nbsp;&nbsp;__aeabi_i2f
<LI><a href="#[ad]">&gt;&gt;</a>&nbsp;&nbsp;&nbsp;__aeabi_fmul
<LI><a href="#[ae]">&gt;&gt;</a>&nbsp;&nbsp;&nbsp;__aeabi_fdiv
<LI><a href="#[af]">&gt;&gt;</a>&nbsp;&nbsp;&nbsp;__aeabi_fadd
<LI><a href="#[b0]">&gt;&gt;</a>&nbsp;&nbsp;&nbsp;__aeabi_f2d
<LI><a href="#[b1]">&gt;&gt;</a>&nbsp;&nbsp;&nbsp;__aeabi_dmul
<LI><a href="#[b2]">&gt;&gt;</a>&nbsp;&nbsp;&nbsp;__aeabi_d2f
</UL>
<BR>[Called By]<UL><LI><a href="#[17]">&gt;&gt;</a>&nbsp;&nbsp;&nbsp;main
</UL>

<P><STRONG><a name="[bd]"></a>rtcSetup</STRONG> (Thumb, 98 bytes, Stack size 8 bytes, weatherstation.o(.text))
<BR><BR>[Stack]<UL><LI>Max Depth = 88<LI>Call Chain = rtcSetup &rArr; CMU_ClockSelectSet &rArr; CMU_OscillatorEnable &rArr; __ARM_common_switch8
</UL>
<BR>[Calls]<UL><LI><a href="#[c0]">&gt;&gt;</a>&nbsp;&nbsp;&nbsp;RTC_Init
<LI><a href="#[7b]">&gt;&gt;</a>&nbsp;&nbsp;&nbsp;RTC_Enable
<LI><a href="#[5d]">&gt;&gt;</a>&nbsp;&nbsp;&nbsp;CMU_OscillatorEnable
<LI><a href="#[5f]">&gt;&gt;</a>&nbsp;&nbsp;&nbsp;CMU_ClockSelectSet
<LI><a href="#[2d]">&gt;&gt;</a>&nbsp;&nbsp;&nbsp;CMU_ClockEnable
<LI><a href="#[59]">&gt;&gt;</a>&nbsp;&nbsp;&nbsp;CMU_ClockDivSet
<LI><a href="#[bf]">&gt;&gt;</a>&nbsp;&nbsp;&nbsp;RTC_IntEnable
<LI><a href="#[ba]">&gt;&gt;</a>&nbsp;&nbsp;&nbsp;NVIC_EnableIRQ
<LI><a href="#[be]">&gt;&gt;</a>&nbsp;&nbsp;&nbsp;RTC_CompareSet
</UL>
<BR>[Called By]<UL><LI><a href="#[17]">&gt;&gt;</a>&nbsp;&nbsp;&nbsp;main
</UL>

<P><STRONG><a name="[17]"></a>main</STRONG> (Thumb, 2052 bytes, Stack size 232 bytes, weatherstation.o(.text))
<BR><BR>[Stack]<UL><LI>Max Depth = 480<LI>Call Chain = main &rArr; esp_8266 &rArr; lcd_git_xy &rArr; lcd_komut &rArr; GPIO_WriteBit &rArr; GPIO_PinOutClear
</UL>
<BR>[Calls]<UL><LI><a href="#[66]">&gt;&gt;</a>&nbsp;&nbsp;&nbsp;EMU_EnterEM2
<LI><a href="#[60]">&gt;&gt;</a>&nbsp;&nbsp;&nbsp;CMU_HFRCOBandSet
<LI><a href="#[40]">&gt;&gt;</a>&nbsp;&nbsp;&nbsp;CMU_ClockFreqGet
<LI><a href="#[3c]">&gt;&gt;</a>&nbsp;&nbsp;&nbsp;lcd_init
<LI><a href="#[3b]">&gt;&gt;</a>&nbsp;&nbsp;&nbsp;lcd_hazirla
<LI><a href="#[39]">&gt;&gt;</a>&nbsp;&nbsp;&nbsp;lcd_git_xy
<LI><a href="#[37]">&gt;&gt;</a>&nbsp;&nbsp;&nbsp;lcd_yazi_yaz
<LI><a href="#[2c]">&gt;&gt;</a>&nbsp;&nbsp;&nbsp;I2CSPM_Init
<LI><a href="#[2b]">&gt;&gt;</a>&nbsp;&nbsp;&nbsp;Si7013_Detect
<LI><a href="#[24]">&gt;&gt;</a>&nbsp;&nbsp;&nbsp;Si7013_GetFirmwareRevision
<LI><a href="#[5d]">&gt;&gt;</a>&nbsp;&nbsp;&nbsp;CMU_OscillatorEnable
<LI><a href="#[5f]">&gt;&gt;</a>&nbsp;&nbsp;&nbsp;CMU_ClockSelectSet
<LI><a href="#[2d]">&gt;&gt;</a>&nbsp;&nbsp;&nbsp;CMU_ClockEnable
<LI><a href="#[59]">&gt;&gt;</a>&nbsp;&nbsp;&nbsp;CMU_ClockDivSet
<LI><a href="#[c4]">&gt;&gt;</a>&nbsp;&nbsp;&nbsp;strlen
<LI><a href="#[aa]">&gt;&gt;</a>&nbsp;&nbsp;&nbsp;strstr
<LI><a href="#[a9]">&gt;&gt;</a>&nbsp;&nbsp;&nbsp;__aeabi_memclr
<LI><a href="#[a8]">&gt;&gt;</a>&nbsp;&nbsp;&nbsp;__aeabi_memcpy4
<LI><a href="#[c2]">&gt;&gt;</a>&nbsp;&nbsp;&nbsp;__aeabi_ui2f
<LI><a href="#[ac]">&gt;&gt;</a>&nbsp;&nbsp;&nbsp;__aeabi_i2f
<LI><a href="#[ae]">&gt;&gt;</a>&nbsp;&nbsp;&nbsp;__aeabi_fdiv
<LI><a href="#[af]">&gt;&gt;</a>&nbsp;&nbsp;&nbsp;__aeabi_fadd
<LI><a href="#[b0]">&gt;&gt;</a>&nbsp;&nbsp;&nbsp;__aeabi_f2d
<LI><a href="#[bd]">&gt;&gt;</a>&nbsp;&nbsp;&nbsp;rtcSetup
<LI><a href="#[ab]">&gt;&gt;</a>&nbsp;&nbsp;&nbsp;calc_pressure
<LI><a href="#[a7]">&gt;&gt;</a>&nbsp;&nbsp;&nbsp;esp_8266
<LI><a href="#[a5]">&gt;&gt;</a>&nbsp;&nbsp;&nbsp;delay_s
<LI><a href="#[a4]">&gt;&gt;</a>&nbsp;&nbsp;&nbsp;esp_8266_send
<LI><a href="#[bf]">&gt;&gt;</a>&nbsp;&nbsp;&nbsp;RTC_IntEnable
<LI><a href="#[b4]">&gt;&gt;</a>&nbsp;&nbsp;&nbsp;GPIO_PinOutSet
<LI><a href="#[b5]">&gt;&gt;</a>&nbsp;&nbsp;&nbsp;GPIO_PinOutClear
<LI><a href="#[bc]">&gt;&gt;</a>&nbsp;&nbsp;&nbsp;gpioSetup
<LI><a href="#[bb]">&gt;&gt;</a>&nbsp;&nbsp;&nbsp;adcInit
<LI><a href="#[b8]">&gt;&gt;</a>&nbsp;&nbsp;&nbsp;init_usart
<LI><a href="#[b3]">&gt;&gt;</a>&nbsp;&nbsp;&nbsp;spiInit
<LI><a href="#[c1]">&gt;&gt;</a>&nbsp;&nbsp;&nbsp;MeasurePressure
<LI><a href="#[a3]">&gt;&gt;</a>&nbsp;&nbsp;&nbsp;performMeasurements
<LI><a href="#[c5]">&gt;&gt;</a>&nbsp;&nbsp;&nbsp;RMU_ResetCauseGet
<LI><a href="#[a2]">&gt;&gt;</a>&nbsp;&nbsp;&nbsp;RMU_ResetCauseClear
<LI><a href="#[96]">&gt;&gt;</a>&nbsp;&nbsp;&nbsp;Nrf24l01_transmit
<LI><a href="#[95]">&gt;&gt;</a>&nbsp;&nbsp;&nbsp;Config_transmitter
<LI><a href="#[c3]">&gt;&gt;</a>&nbsp;&nbsp;&nbsp;__2sprintf
</UL>
<BR>[Address Reference Count : 1]<UL><LI> entry9a.o(.ARM.Collect$$$$0000000B)
</UL>
<P><STRONG><a name="[a]"></a>ADC0_IRQHandler</STRONG> (Thumb, 24 bytes, Stack size 0 bytes, weatherstation.o(.text))
<BR>[Address Reference Count : 1]<UL><LI> startup_efm32zg_1.o(RESET)
</UL>
<P><STRONG><a name="[c7]"></a>PB0_handler</STRONG> (Thumb, 52 bytes, Stack size 0 bytes, weatherstation.o(.text))
<BR><BR>[Called By]<UL><LI><a href="#[c6]">&gt;&gt;</a>&nbsp;&nbsp;&nbsp;GPIO_Unified_IRQ
</UL>

<P><STRONG><a name="[c6]"></a>GPIO_Unified_IRQ</STRONG> (Thumb, 62 bytes, Stack size 4 bytes, weatherstation.o(.text))
<BR><BR>[Stack]<UL><LI>Max Depth = 4<LI>Call Chain = GPIO_Unified_IRQ
</UL>
<BR>[Calls]<UL><LI><a href="#[c7]">&gt;&gt;</a>&nbsp;&nbsp;&nbsp;PB0_handler
</UL>
<BR>[Called By]<UL><LI><a href="#[c]">&gt;&gt;</a>&nbsp;&nbsp;&nbsp;GPIO_ODD_IRQHandler
<LI><a href="#[7]">&gt;&gt;</a>&nbsp;&nbsp;&nbsp;GPIO_EVEN_IRQHandler
</UL>

<P><STRONG><a name="[7]"></a>GPIO_EVEN_IRQHandler</STRONG> (Thumb, 8 bytes, Stack size 4 bytes, weatherstation.o(.text))
<BR><BR>[Stack]<UL><LI>Max Depth = 8<LI>Call Chain = GPIO_EVEN_IRQHandler &rArr; GPIO_Unified_IRQ
</UL>
<BR>[Calls]<UL><LI><a href="#[c6]">&gt;&gt;</a>&nbsp;&nbsp;&nbsp;GPIO_Unified_IRQ
</UL>
<BR>[Address Reference Count : 1]<UL><LI> startup_efm32zg_1.o(RESET)
</UL>
<P><STRONG><a name="[c]"></a>GPIO_ODD_IRQHandler</STRONG> (Thumb, 8 bytes, Stack size 4 bytes, weatherstation.o(.text))
<BR><BR>[Stack]<UL><LI>Max Depth = 8<LI>Call Chain = GPIO_ODD_IRQHandler &rArr; GPIO_Unified_IRQ
</UL>
<BR>[Calls]<UL><LI><a href="#[c6]">&gt;&gt;</a>&nbsp;&nbsp;&nbsp;GPIO_Unified_IRQ
</UL>
<BR>[Address Reference Count : 1]<UL><LI> startup_efm32zg_1.o(RESET)
</UL>
<P><STRONG><a name="[e]"></a>USART1_RX_IRQHandler</STRONG> (Thumb, 26 bytes, Stack size 8 bytes, weatherstation.o(.text))
<BR><BR>[Stack]<UL><LI>Max Depth = 8<LI>Call Chain = USART1_RX_IRQHandler
</UL>
<BR>[Calls]<UL><LI><a href="#[b6]">&gt;&gt;</a>&nbsp;&nbsp;&nbsp;USART_IntClear
</UL>
<BR>[Address Reference Count : 1]<UL><LI> startup_efm32zg_1.o(RESET)
</UL>
<P><STRONG><a name="[10]"></a>LEUART0_IRQHandler</STRONG> (Thumb, 188 bytes, Stack size 8 bytes, weatherstation.o(.text))
<BR><BR>[Stack]<UL><LI>Max Depth = 8<LI>Call Chain = LEUART0_IRQHandler
</UL>
<BR>[Calls]<UL><LI><a href="#[b9]">&gt;&gt;</a>&nbsp;&nbsp;&nbsp;LEUART_IntClear
</UL>
<BR>[Address Reference Count : 1]<UL><LI> startup_efm32zg_1.o(RESET)
</UL>
<P><STRONG><a name="[12]"></a>RTC_IRQHandler</STRONG> (Thumb, 126 bytes, Stack size 0 bytes, weatherstation.o(.text))
<BR>[Address Reference Count : 1]<UL><LI> startup_efm32zg_1.o(RESET)
</UL>
<P><STRONG><a name="[10e]"></a>delay_mm</STRONG> (Thumb, 14 bytes, Stack size 0 bytes, weatherstation.o(.text), UNUSED)

<P><STRONG><a name="[10f]"></a>get_compare</STRONG> (Thumb, 4 bytes, Stack size 0 bytes, weatherstation.o(.text), UNUSED)

<P><STRONG><a name="[110]"></a>__aeabi_uidiv</STRONG> (Thumb, 0 bytes, Stack size 12 bytes, uidiv.o(.text), UNUSED)

<P><STRONG><a name="[41]"></a>__aeabi_uidivmod</STRONG> (Thumb, 44 bytes, Stack size 12 bytes, uidiv.o(.text))
<BR><BR>[Stack]<UL><LI>Max Depth = 12<LI>Call Chain = __aeabi_uidivmod
</UL>
<BR>[Called By]<UL><LI><a href="#[6e]">&gt;&gt;</a>&nbsp;&nbsp;&nbsp;LEUART_BaudrateCalc
<LI><a href="#[46]">&gt;&gt;</a>&nbsp;&nbsp;&nbsp;ADC_TimebaseCalc
<LI><a href="#[3f]">&gt;&gt;</a>&nbsp;&nbsp;&nbsp;ADC_PrescaleCalc
<LI><a href="#[a6]">&gt;&gt;</a>&nbsp;&nbsp;&nbsp;__aeabi_idivmod
<LI><a href="#[89]">&gt;&gt;</a>&nbsp;&nbsp;&nbsp;I2C_BusFreqSet
<LI><a href="#[88]">&gt;&gt;</a>&nbsp;&nbsp;&nbsp;I2C_BusFreqGet
<LI><a href="#[81]">&gt;&gt;</a>&nbsp;&nbsp;&nbsp;USART_BaudrateSyncSet
<LI><a href="#[7c]">&gt;&gt;</a>&nbsp;&nbsp;&nbsp;USART_BaudrateAsyncSet
<LI><a href="#[70]">&gt;&gt;</a>&nbsp;&nbsp;&nbsp;LEUART_BaudrateSet
<LI><a href="#[da]">&gt;&gt;</a>&nbsp;&nbsp;&nbsp;_printf_core
</UL>

<P><STRONG><a name="[111]"></a>__aeabi_idiv</STRONG> (Thumb, 0 bytes, Stack size 16 bytes, idiv.o(.text), UNUSED)

<P><STRONG><a name="[a6]"></a>__aeabi_idivmod</STRONG> (Thumb, 40 bytes, Stack size 16 bytes, idiv.o(.text))
<BR><BR>[Stack]<UL><LI>Max Depth = 28<LI>Call Chain = __aeabi_idivmod &rArr; __aeabi_uidivmod
</UL>
<BR>[Calls]<UL><LI><a href="#[41]">&gt;&gt;</a>&nbsp;&nbsp;&nbsp;__aeabi_uidivmod
</UL>
<BR>[Called By]<UL><LI><a href="#[a5]">&gt;&gt;</a>&nbsp;&nbsp;&nbsp;delay_s
</UL>

<P><STRONG><a name="[7e]"></a>__aeabi_uldivmod</STRONG> (Thumb, 96 bytes, Stack size 48 bytes, uldiv.o(.text), UNUSED)
<BR><BR>[Calls]<UL><LI><a href="#[c8]">&gt;&gt;</a>&nbsp;&nbsp;&nbsp;__aeabi_llsr
<LI><a href="#[c9]">&gt;&gt;</a>&nbsp;&nbsp;&nbsp;__aeabi_llsl
</UL>
<BR>[Called By]<UL><LI><a href="#[7d]">&gt;&gt;</a>&nbsp;&nbsp;&nbsp;USART_BaudrateCalc
<LI><a href="#[da]">&gt;&gt;</a>&nbsp;&nbsp;&nbsp;_printf_core
<LI><a href="#[db]">&gt;&gt;</a>&nbsp;&nbsp;&nbsp;_fp_digits
</UL>

<P><STRONG><a name="[7f]"></a>__aeabi_lmul</STRONG> (Thumb, 122 bytes, Stack size 64 bytes, llmul.o(.text), UNUSED)
<BR><BR>[Calls]<UL><LI><a href="#[c9]">&gt;&gt;</a>&nbsp;&nbsp;&nbsp;__aeabi_llsl
</UL>
<BR>[Called By]<UL><LI><a href="#[7d]">&gt;&gt;</a>&nbsp;&nbsp;&nbsp;USART_BaudrateCalc
</UL>

<P><STRONG><a name="[112]"></a>_ll_mul</STRONG> (Thumb, 0 bytes, Stack size 64 bytes, llmul.o(.text), UNUSED)

<P><STRONG><a name="[113]"></a>__aeabi_memcpy</STRONG> (Thumb, 36 bytes, Stack size 0 bytes, memcpya.o(.text), UNUSED)

<P><STRONG><a name="[a8]"></a>__aeabi_memcpy4</STRONG> (Thumb, 0 bytes, Stack size 0 bytes, memcpya.o(.text))
<BR><BR>[Called By]<UL><LI><a href="#[17]">&gt;&gt;</a>&nbsp;&nbsp;&nbsp;main
<LI><a href="#[a7]">&gt;&gt;</a>&nbsp;&nbsp;&nbsp;esp_8266
<LI><a href="#[b3]">&gt;&gt;</a>&nbsp;&nbsp;&nbsp;spiInit
</UL>

<P><STRONG><a name="[114]"></a>__aeabi_memcpy8</STRONG> (Thumb, 0 bytes, Stack size 0 bytes, memcpya.o(.text), UNUSED)

<P><STRONG><a name="[ca]"></a>__aeabi_memset</STRONG> (Thumb, 14 bytes, Stack size 0 bytes, memseta.o(.text))
<BR><BR>[Called By]<UL><LI><a href="#[cb]">&gt;&gt;</a>&nbsp;&nbsp;&nbsp;_memset$wrapper
<LI><a href="#[a9]">&gt;&gt;</a>&nbsp;&nbsp;&nbsp;__aeabi_memclr
</UL>

<P><STRONG><a name="[115]"></a>__aeabi_memset4</STRONG> (Thumb, 0 bytes, Stack size 0 bytes, memseta.o(.text), UNUSED)

<P><STRONG><a name="[116]"></a>__aeabi_memset8</STRONG> (Thumb, 0 bytes, Stack size 0 bytes, memseta.o(.text), UNUSED)

<P><STRONG><a name="[a9]"></a>__aeabi_memclr</STRONG> (Thumb, 4 bytes, Stack size 0 bytes, memseta.o(.text))
<BR><BR>[Calls]<UL><LI><a href="#[ca]">&gt;&gt;</a>&nbsp;&nbsp;&nbsp;__aeabi_memset
</UL>
<BR>[Called By]<UL><LI><a href="#[17]">&gt;&gt;</a>&nbsp;&nbsp;&nbsp;main
<LI><a href="#[a7]">&gt;&gt;</a>&nbsp;&nbsp;&nbsp;esp_8266
</UL>

<P><STRONG><a name="[117]"></a>__aeabi_memclr4</STRONG> (Thumb, 0 bytes, Stack size 0 bytes, memseta.o(.text), UNUSED)

<P><STRONG><a name="[118]"></a>__aeabi_memclr8</STRONG> (Thumb, 0 bytes, Stack size 0 bytes, memseta.o(.text), UNUSED)

<P><STRONG><a name="[cb]"></a>_memset$wrapper</STRONG> (Thumb, 18 bytes, Stack size 8 bytes, memseta.o(.text), UNUSED)
<BR><BR>[Calls]<UL><LI><a href="#[ca]">&gt;&gt;</a>&nbsp;&nbsp;&nbsp;__aeabi_memset
</UL>

<P><STRONG><a name="[aa]"></a>strstr</STRONG> (Thumb, 40 bytes, Stack size 12 bytes, strstr.o(.text))
<BR><BR>[Stack]<UL><LI>Max Depth = 12<LI>Call Chain = strstr
</UL>
<BR>[Called By]<UL><LI><a href="#[17]">&gt;&gt;</a>&nbsp;&nbsp;&nbsp;main
<LI><a href="#[a7]">&gt;&gt;</a>&nbsp;&nbsp;&nbsp;esp_8266
</UL>

<P><STRONG><a name="[c4]"></a>strlen</STRONG> (Thumb, 14 bytes, Stack size 0 bytes, strlen.o(.text))
<BR><BR>[Called By]<UL><LI><a href="#[17]">&gt;&gt;</a>&nbsp;&nbsp;&nbsp;main
</UL>

<P><STRONG><a name="[af]"></a>__aeabi_fadd</STRONG> (Thumb, 162 bytes, Stack size 24 bytes, fadd.o(.text))
<BR><BR>[Stack]<UL><LI>Max Depth = 36<LI>Call Chain = __aeabi_fadd &rArr; _float_epilogue
</UL>
<BR>[Calls]<UL><LI><a href="#[cd]">&gt;&gt;</a>&nbsp;&nbsp;&nbsp;_float_round
<LI><a href="#[cc]">&gt;&gt;</a>&nbsp;&nbsp;&nbsp;_float_epilogue
</UL>
<BR>[Called By]<UL><LI><a href="#[17]">&gt;&gt;</a>&nbsp;&nbsp;&nbsp;main
<LI><a href="#[ab]">&gt;&gt;</a>&nbsp;&nbsp;&nbsp;calc_pressure
<LI><a href="#[cf]">&gt;&gt;</a>&nbsp;&nbsp;&nbsp;__aeabi_frsub
<LI><a href="#[ce]">&gt;&gt;</a>&nbsp;&nbsp;&nbsp;__aeabi_fsub
</UL>

<P><STRONG><a name="[ce]"></a>__aeabi_fsub</STRONG> (Thumb, 8 bytes, Stack size 0 bytes, fadd.o(.text), UNUSED)
<BR><BR>[Calls]<UL><LI><a href="#[af]">&gt;&gt;</a>&nbsp;&nbsp;&nbsp;__aeabi_fadd
</UL>

<P><STRONG><a name="[cf]"></a>__aeabi_frsub</STRONG> (Thumb, 8 bytes, Stack size 0 bytes, fadd.o(.text), UNUSED)
<BR><BR>[Calls]<UL><LI><a href="#[af]">&gt;&gt;</a>&nbsp;&nbsp;&nbsp;__aeabi_fadd
</UL>

<P><STRONG><a name="[ad]"></a>__aeabi_fmul</STRONG> (Thumb, 122 bytes, Stack size 16 bytes, fmul.o(.text))
<BR><BR>[Stack]<UL><LI>Max Depth = 16<LI>Call Chain = __aeabi_fmul
</UL>
<BR>[Called By]<UL><LI><a href="#[ab]">&gt;&gt;</a>&nbsp;&nbsp;&nbsp;calc_pressure
</UL>

<P><STRONG><a name="[ae]"></a>__aeabi_fdiv</STRONG> (Thumb, 124 bytes, Stack size 16 bytes, fdiv.o(.text))
<BR><BR>[Stack]<UL><LI>Max Depth = 16<LI>Call Chain = __aeabi_fdiv
</UL>
<BR>[Calls]<UL><LI><a href="#[cd]">&gt;&gt;</a>&nbsp;&nbsp;&nbsp;_float_round
</UL>
<BR>[Called By]<UL><LI><a href="#[17]">&gt;&gt;</a>&nbsp;&nbsp;&nbsp;main
<LI><a href="#[ab]">&gt;&gt;</a>&nbsp;&nbsp;&nbsp;calc_pressure
</UL>

<P><STRONG><a name="[b1]"></a>__aeabi_dmul</STRONG> (Thumb, 202 bytes, Stack size 72 bytes, dmul.o(.text))
<BR><BR>[Stack]<UL><LI>Max Depth = 128<LI>Call Chain = __aeabi_dmul &rArr; _double_epilogue &rArr; _double_round
</UL>
<BR>[Calls]<UL><LI><a href="#[d0]">&gt;&gt;</a>&nbsp;&nbsp;&nbsp;_double_epilogue
</UL>
<BR>[Called By]<UL><LI><a href="#[ab]">&gt;&gt;</a>&nbsp;&nbsp;&nbsp;calc_pressure
<LI><a href="#[db]">&gt;&gt;</a>&nbsp;&nbsp;&nbsp;_fp_digits
</UL>

<P><STRONG><a name="[ac]"></a>__aeabi_i2f</STRONG> (Thumb, 22 bytes, Stack size 8 bytes, fflti.o(.text))
<BR><BR>[Stack]<UL><LI>Max Depth = 20<LI>Call Chain = __aeabi_i2f &rArr; _float_epilogue
</UL>
<BR>[Calls]<UL><LI><a href="#[cc]">&gt;&gt;</a>&nbsp;&nbsp;&nbsp;_float_epilogue
</UL>
<BR>[Called By]<UL><LI><a href="#[17]">&gt;&gt;</a>&nbsp;&nbsp;&nbsp;main
<LI><a href="#[ab]">&gt;&gt;</a>&nbsp;&nbsp;&nbsp;calc_pressure
</UL>

<P><STRONG><a name="[c2]"></a>__aeabi_ui2f</STRONG> (Thumb, 14 bytes, Stack size 8 bytes, ffltui.o(.text))
<BR><BR>[Stack]<UL><LI>Max Depth = 20<LI>Call Chain = __aeabi_ui2f &rArr; _float_epilogue
</UL>
<BR>[Calls]<UL><LI><a href="#[cc]">&gt;&gt;</a>&nbsp;&nbsp;&nbsp;_float_epilogue
</UL>
<BR>[Called By]<UL><LI><a href="#[17]">&gt;&gt;</a>&nbsp;&nbsp;&nbsp;main
</UL>

<P><STRONG><a name="[b0]"></a>__aeabi_f2d</STRONG> (Thumb, 40 bytes, Stack size 0 bytes, f2d.o(.text))
<BR><BR>[Called By]<UL><LI><a href="#[17]">&gt;&gt;</a>&nbsp;&nbsp;&nbsp;main
<LI><a href="#[ab]">&gt;&gt;</a>&nbsp;&nbsp;&nbsp;calc_pressure
</UL>

<P><STRONG><a name="[b2]"></a>__aeabi_d2f</STRONG> (Thumb, 56 bytes, Stack size 8 bytes, d2f.o(.text))
<BR><BR>[Stack]<UL><LI>Max Depth = 8<LI>Call Chain = __aeabi_d2f
</UL>
<BR>[Calls]<UL><LI><a href="#[cd]">&gt;&gt;</a>&nbsp;&nbsp;&nbsp;_float_round
</UL>
<BR>[Called By]<UL><LI><a href="#[ab]">&gt;&gt;</a>&nbsp;&nbsp;&nbsp;calc_pressure
</UL>

<P><STRONG><a name="[c9]"></a>__aeabi_llsl</STRONG> (Thumb, 32 bytes, Stack size 8 bytes, llshl.o(.text))
<BR><BR>[Stack]<UL><LI>Max Depth = 8<LI>Call Chain = __aeabi_llsl
</UL>
<BR>[Called By]<UL><LI><a href="#[7f]">&gt;&gt;</a>&nbsp;&nbsp;&nbsp;__aeabi_lmul
<LI><a href="#[7e]">&gt;&gt;</a>&nbsp;&nbsp;&nbsp;__aeabi_uldivmod
<LI><a href="#[d0]">&gt;&gt;</a>&nbsp;&nbsp;&nbsp;_double_epilogue
<LI><a href="#[d2]">&gt;&gt;</a>&nbsp;&nbsp;&nbsp;__aeabi_dadd
<LI><a href="#[d7]">&gt;&gt;</a>&nbsp;&nbsp;&nbsp;__aeabi_d2ulz
</UL>

<P><STRONG><a name="[119]"></a>_ll_shift_l</STRONG> (Thumb, 0 bytes, Stack size 8 bytes, llshl.o(.text), UNUSED)

<P><STRONG><a name="[c8]"></a>__aeabi_llsr</STRONG> (Thumb, 34 bytes, Stack size 8 bytes, llushr.o(.text))
<BR><BR>[Stack]<UL><LI>Max Depth = 8<LI>Call Chain = __aeabi_llsr
</UL>
<BR>[Called By]<UL><LI><a href="#[7e]">&gt;&gt;</a>&nbsp;&nbsp;&nbsp;__aeabi_uldivmod
<LI><a href="#[d0]">&gt;&gt;</a>&nbsp;&nbsp;&nbsp;_double_epilogue
<LI><a href="#[d7]">&gt;&gt;</a>&nbsp;&nbsp;&nbsp;__aeabi_d2ulz
</UL>

<P><STRONG><a name="[11a]"></a>_ll_ushift_r</STRONG> (Thumb, 0 bytes, Stack size 8 bytes, llushr.o(.text), UNUSED)

<P><STRONG><a name="[11b]"></a>__I$use$fp</STRONG> (Thumb, 0 bytes, Stack size 0 bytes, iusefp.o(.text), UNUSED)

<P><STRONG><a name="[cd]"></a>_float_round</STRONG> (Thumb, 16 bytes, Stack size 0 bytes, fepilogue.o(.text))
<BR><BR>[Called By]<UL><LI><a href="#[ae]">&gt;&gt;</a>&nbsp;&nbsp;&nbsp;__aeabi_fdiv
<LI><a href="#[af]">&gt;&gt;</a>&nbsp;&nbsp;&nbsp;__aeabi_fadd
<LI><a href="#[b2]">&gt;&gt;</a>&nbsp;&nbsp;&nbsp;__aeabi_d2f
</UL>

<P><STRONG><a name="[cc]"></a>_float_epilogue</STRONG> (Thumb, 114 bytes, Stack size 12 bytes, fepilogue.o(.text))
<BR><BR>[Stack]<UL><LI>Max Depth = 12<LI>Call Chain = _float_epilogue
</UL>
<BR>[Called By]<UL><LI><a href="#[c2]">&gt;&gt;</a>&nbsp;&nbsp;&nbsp;__aeabi_ui2f
<LI><a href="#[ac]">&gt;&gt;</a>&nbsp;&nbsp;&nbsp;__aeabi_i2f
<LI><a href="#[af]">&gt;&gt;</a>&nbsp;&nbsp;&nbsp;__aeabi_fadd
</UL>

<P><STRONG><a name="[d1]"></a>_double_round</STRONG> (Thumb, 26 bytes, Stack size 8 bytes, depilogue.o(.text))
<BR><BR>[Stack]<UL><LI>Max Depth = 8<LI>Call Chain = _double_round
</UL>
<BR>[Called By]<UL><LI><a href="#[d0]">&gt;&gt;</a>&nbsp;&nbsp;&nbsp;_double_epilogue
<LI><a href="#[d6]">&gt;&gt;</a>&nbsp;&nbsp;&nbsp;__aeabi_ddiv
<LI><a href="#[d2]">&gt;&gt;</a>&nbsp;&nbsp;&nbsp;__aeabi_dadd
</UL>

<P><STRONG><a name="[d0]"></a>_double_epilogue</STRONG> (Thumb, 164 bytes, Stack size 48 bytes, depilogue.o(.text))
<BR><BR>[Stack]<UL><LI>Max Depth = 56<LI>Call Chain = _double_epilogue &rArr; _double_round
</UL>
<BR>[Calls]<UL><LI><a href="#[65]">&gt;&gt;</a>&nbsp;&nbsp;&nbsp;__ARM_clz
<LI><a href="#[d1]">&gt;&gt;</a>&nbsp;&nbsp;&nbsp;_double_round
<LI><a href="#[c8]">&gt;&gt;</a>&nbsp;&nbsp;&nbsp;__aeabi_llsr
<LI><a href="#[c9]">&gt;&gt;</a>&nbsp;&nbsp;&nbsp;__aeabi_llsl
</UL>
<BR>[Called By]<UL><LI><a href="#[b1]">&gt;&gt;</a>&nbsp;&nbsp;&nbsp;__aeabi_dmul
<LI><a href="#[d2]">&gt;&gt;</a>&nbsp;&nbsp;&nbsp;__aeabi_dadd
</UL>

<P><STRONG><a name="[d2]"></a>__aeabi_dadd</STRONG> (Thumb, 328 bytes, Stack size 48 bytes, dadd.o(.text), UNUSED)
<BR><BR>[Calls]<UL><LI><a href="#[d3]">&gt;&gt;</a>&nbsp;&nbsp;&nbsp;__aeabi_lasr
<LI><a href="#[d1]">&gt;&gt;</a>&nbsp;&nbsp;&nbsp;_double_round
<LI><a href="#[c9]">&gt;&gt;</a>&nbsp;&nbsp;&nbsp;__aeabi_llsl
<LI><a href="#[d0]">&gt;&gt;</a>&nbsp;&nbsp;&nbsp;_double_epilogue
</UL>
<BR>[Called By]<UL><LI><a href="#[d5]">&gt;&gt;</a>&nbsp;&nbsp;&nbsp;__aeabi_drsub
<LI><a href="#[d4]">&gt;&gt;</a>&nbsp;&nbsp;&nbsp;__aeabi_dsub
<LI><a href="#[db]">&gt;&gt;</a>&nbsp;&nbsp;&nbsp;_fp_digits
</UL>

<P><STRONG><a name="[d4]"></a>__aeabi_dsub</STRONG> (Thumb, 12 bytes, Stack size 8 bytes, dadd.o(.text), UNUSED)
<BR><BR>[Calls]<UL><LI><a href="#[d2]">&gt;&gt;</a>&nbsp;&nbsp;&nbsp;__aeabi_dadd
</UL>

<P><STRONG><a name="[d5]"></a>__aeabi_drsub</STRONG> (Thumb, 12 bytes, Stack size 8 bytes, dadd.o(.text), UNUSED)
<BR><BR>[Calls]<UL><LI><a href="#[d2]">&gt;&gt;</a>&nbsp;&nbsp;&nbsp;__aeabi_dadd
</UL>

<P><STRONG><a name="[d6]"></a>__aeabi_ddiv</STRONG> (Thumb, 234 bytes, Stack size 40 bytes, ddiv.o(.text), UNUSED)
<BR><BR>[Calls]<UL><LI><a href="#[d1]">&gt;&gt;</a>&nbsp;&nbsp;&nbsp;_double_round
</UL>
<BR>[Called By]<UL><LI><a href="#[db]">&gt;&gt;</a>&nbsp;&nbsp;&nbsp;_fp_digits
</UL>

<P><STRONG><a name="[d7]"></a>__aeabi_d2ulz</STRONG> (Thumb, 54 bytes, Stack size 8 bytes, dfixul.o(.text), UNUSED)
<BR><BR>[Calls]<UL><LI><a href="#[c8]">&gt;&gt;</a>&nbsp;&nbsp;&nbsp;__aeabi_llsr
<LI><a href="#[c9]">&gt;&gt;</a>&nbsp;&nbsp;&nbsp;__aeabi_llsl
</UL>
<BR>[Called By]<UL><LI><a href="#[db]">&gt;&gt;</a>&nbsp;&nbsp;&nbsp;_fp_digits
</UL>

<P><STRONG><a name="[dc]"></a>__aeabi_cdrcmple</STRONG> (Thumb, 38 bytes, Stack size 0 bytes, cdrcmple.o(.text), UNUSED)
<BR><BR>[Called By]<UL><LI><a href="#[db]">&gt;&gt;</a>&nbsp;&nbsp;&nbsp;_fp_digits
</UL>

<P><STRONG><a name="[1c]"></a>__scatterload</STRONG> (Thumb, 28 bytes, Stack size 0 bytes, init.o(.text))
<BR><BR>[Calls]<UL><LI><a href="#[d8]">&gt;&gt;</a>&nbsp;&nbsp;&nbsp;__main_after_scatterload
</UL>
<BR>[Called By]<UL><LI><a href="#[1b]">&gt;&gt;</a>&nbsp;&nbsp;&nbsp;_main_scatterload
</UL>

<P><STRONG><a name="[11c]"></a>__scatterload_rt2</STRONG> (Thumb, 0 bytes, Stack size 0 bytes, init.o(.text), UNUSED)

<P><STRONG><a name="[d3]"></a>__aeabi_lasr</STRONG> (Thumb, 38 bytes, Stack size 8 bytes, llsshr.o(.text), UNUSED)
<BR><BR>[Called By]<UL><LI><a href="#[d2]">&gt;&gt;</a>&nbsp;&nbsp;&nbsp;__aeabi_dadd
</UL>

<P><STRONG><a name="[11d]"></a>_ll_sshift_r</STRONG> (Thumb, 0 bytes, Stack size 8 bytes, llsshr.o(.text), UNUSED)

<P><STRONG><a name="[d9]"></a>__0sprintf</STRONG> (Thumb, 36 bytes, Stack size 24 bytes, printfa.o(i.__0sprintf), UNUSED)
<BR><BR>[Calls]<UL><LI><a href="#[1a]">&gt;&gt;</a>&nbsp;&nbsp;&nbsp;_sputc
<LI><a href="#[da]">&gt;&gt;</a>&nbsp;&nbsp;&nbsp;_printf_core
</UL>

<P><STRONG><a name="[11e]"></a>__1sprintf</STRONG> (Thumb, 0 bytes, Stack size 24 bytes, printfa.o(i.__0sprintf), UNUSED)

<P><STRONG><a name="[c3]"></a>__2sprintf</STRONG> (Thumb, 0 bytes, Stack size 24 bytes, printfa.o(i.__0sprintf))
<BR><BR>[Stack]<UL><LI>Max Depth = 24<LI>Call Chain = __2sprintf
</UL>
<BR>[Called By]<UL><LI><a href="#[17]">&gt;&gt;</a>&nbsp;&nbsp;&nbsp;main
</UL>

<P><STRONG><a name="[11f]"></a>__c89sprintf</STRONG> (Thumb, 0 bytes, Stack size 24 bytes, printfa.o(i.__0sprintf), UNUSED)

<P><STRONG><a name="[120]"></a>sprintf</STRONG> (Thumb, 0 bytes, Stack size 24 bytes, printfa.o(i.__0sprintf), UNUSED)

<P><STRONG><a name="[65]"></a>__ARM_clz</STRONG> (Thumb, 46 bytes, Stack size 0 bytes, depilogue.o(i.__ARM_clz))
<BR><BR>[Called By]<UL><LI><a href="#[5a]">&gt;&gt;</a>&nbsp;&nbsp;&nbsp;CMU_DivToLog2
<LI><a href="#[d0]">&gt;&gt;</a>&nbsp;&nbsp;&nbsp;_double_epilogue
</UL>

<P><STRONG><a name="[3e]"></a>__ARM_common_switch8</STRONG> (Thumb, 28 bytes, Stack size 8 bytes, em_adc.o(i.__ARM_common_switch8))
<BR><BR>[Stack]<UL><LI>Max Depth = 8<LI>Call Chain = __ARM_common_switch8
</UL>
<BR>[Called By]<UL><LI><a href="#[60]">&gt;&gt;</a>&nbsp;&nbsp;&nbsp;CMU_HFRCOBandSet
[...]
</UL>
<BR>[Calls]<UL><LI><a href="#[22]">&gt;&gt;</a>&nbsp;&nbsp;&nbsp;I2CSPM_Transfer
</UL>
<BR>[Called By]<UL><LI><a href="#[2a]">&gt;&gt;</a>&nbsp;&nbsp;&nbsp;Si7013_MeasureV
<LI><a href="#[28]">&gt;&gt;</a>&nbsp;&nbsp;&nbsp;Si7013_MeasureRHAndTemp
<LI><a href="#[27]">&gt;&gt;</a>&nbsp;&nbsp;&nbsp;Si7013_ReadNoHoldRHAndTemp
</UL>

<P><STRONG><a name="[23]"></a>Si7013_StartNoHoldMeasure</STRONG> (Thumb, 58 bytes, Stack size 48 bytes, si7013.o(.text), UNUSED)
<BR><BR>[Calls]<UL><LI><a href="#[22]">&gt;&gt;</a>&nbsp;&nbsp;&nbsp;I2CSPM_Transfer
</UL>
<BR>[Called By]<UL><LI><a href="#[25]">&gt;&gt;</a>&nbsp;&nbsp;&nbsp;Si7013_StartNoHoldMeasureRHAndTemp
</UL>

<P><STRONG><a name="[26]"></a>Si7013_ReadNoHoldData</STRONG> (Thumb, 80 bytes, Stack size 48 bytes, si7013.o(.text), UNUSED)
<BR><BR>[Calls]<UL><LI><a href="#[22]">&gt;&gt;</a>&nbsp;&nbsp;&nbsp;I2CSPM_Transfer
</UL>
<BR>[Called By]<UL><LI><a href="#[27]">&gt;&gt;</a>&nbsp;&nbsp;&nbsp;Si7013_ReadNoHoldRHAndTemp
</UL>

<P><STRONG><a name="[29]"></a>Si7013_WriteUserReg2</STRONG> (Thumb, 64 bytes, Stack size 48 bytes, si7013.o(.text), UNUSED)
<BR><BR>[Calls]<UL><LI><a href="#[22]">&gt;&gt;</a>&nbsp;&nbsp;&nbsp;I2CSPM_Transfer
</UL>
<BR>[Called By]<UL><LI><a href="#[2a]">&gt;&gt;</a>&nbsp;&nbsp;&nbsp;Si7013_MeasureV
</UL>

<P><STRONG><a name="[33]"></a>GPIO_PinOutClear</STRONG> (Thumb, 18 bytes, Stack size 8 bytes, lcd.o(.text))
<BR><BR>[Stack]<UL><LI>Max Depth = 8<LI>Call Chain = GPIO_PinOutClear
</UL>
<BR>[Called By]<UL><LI><a href="#[3c]">&gt;&gt;</a>&nbsp;&nbsp;&nbsp;lcd_init
<LI><a href="#[32]">&gt;&gt;</a>&nbsp;&nbsp;&nbsp;GPIO_WriteBit
</UL>

<P><STRONG><a name="[3d]"></a>ADC_LoadDevinfoCal</STRONG> (Thumb, 186 bytes, Stack size 32 bytes, em_adc.o(.text))
<BR><BR>[Stack]<UL><LI>Max Depth = 40<LI>Call Chain = ADC_LoadDevinfoCal &rArr; __ARM_common_switch8
</UL>
<BR>[Calls]<UL><LI><a href="#[3e]">&gt;&gt;</a>&nbsp;&nbsp;&nbsp;__ARM_common_switch8
</UL>
<BR>[Called By]<UL><LI><a href="#[45]">&gt;&gt;</a>&nbsp;&nbsp;&nbsp;ADC_Reset
<LI><a href="#[44]">&gt;&gt;</a>&nbsp;&nbsp;&nbsp;ADC_InitSingle
<LI><a href="#[43]">&gt;&gt;</a>&nbsp;&nbsp;&nbsp;ADC_InitScan
</UL>

<P><STRONG><a name="[5c]"></a>BUS_RegBitWrite</STRONG> (Thumb, 24 bytes, Stack size 12 bytes, em_cmu.o(.text))
<BR><BR>[Stack]<UL><LI>Max Depth = 12<LI>Call Chain = BUS_RegBitWrite
</UL>
<BR>[Called By]<UL><LI><a href="#[64]">&gt;&gt;</a>&nbsp;&nbsp;&nbsp;CMU_PCNTClockExternalSet
<LI><a href="#[5f]">&gt;&gt;</a>&nbsp;&nbsp;&nbsp;CMU_ClockSelectSet
<LI><a href="#[2d]">&gt;&gt;</a>&nbsp;&nbsp;&nbsp;CMU_ClockEnable
</UL>

<P><STRONG><a name="[47]"></a>auxClkGet</STRONG> (Thumb, 110 bytes, Stack size 8 bytes, em_cmu.o(.text))
<BR><BR>[Stack]<UL><LI>Max Depth = 8<LI>Call Chain = auxClkGet
</UL>
<BR>[Calls]<UL><LI><a href="#[48]">&gt;&gt;</a>&nbsp;&nbsp;&nbsp;SYSTEM_GetProdRev
</UL>
<BR>[Called By]<UL><LI><a href="#[49]">&gt;&gt;</a>&nbsp;&nbsp;&nbsp;dbgClkGet
<LI><a href="#[40]">&gt;&gt;</a>&nbsp;&nbsp;&nbsp;CMU_ClockFreqGet
</UL>

<P><STRONG><a name="[49]"></a>dbgClkGet</STRONG> (Thumb, 44 bytes, Stack size 16 bytes, em_cmu.o(.text))
<BR><BR>[Stack]<UL><LI>Max Depth = 24<LI>Call Chain = dbgClkGet &rArr; auxClkGet
</UL>
<BR>[Calls]<UL><LI><a href="#[47]">&gt;&gt;</a>&nbsp;&nbsp;&nbsp;auxClkGet
<LI><a href="#[4a]">&gt;&gt;</a>&nbsp;&nbsp;&nbsp;CMU_ClockSelectGet
<LI><a href="#[1e]">&gt;&gt;</a>&nbsp;&nbsp;&nbsp;SystemHFClockGet
</UL>
<BR>[Called By]<UL><LI><a href="#[40]">&gt;&gt;</a>&nbsp;&nbsp;&nbsp;CMU_ClockFreqGet
</UL>

<P><STRONG><a name="[4d]"></a>flashWaitStateControl</STRONG> (Thumb, 74 bytes, Stack size 8 bytes, em_cmu.o(.text))
<BR><BR>[Stack]<UL><LI>Max Depth = 8<LI>Call Chain = flashWaitStateControl
</UL>
<BR>[Called By]<UL><LI><a href="#[60]">&gt;&gt;</a>&nbsp;&nbsp;&nbsp;CMU_HFRCOBandSet
<LI><a href="#[4b]">&gt;&gt;</a>&nbsp;&nbsp;&nbsp;flashWaitStateMax
<LI><a href="#[5f]">&gt;&gt;</a>&nbsp;&nbsp;&nbsp;CMU_ClockSelectSet
<LI><a href="#[59]">&gt;&gt;</a>&nbsp;&nbsp;&nbsp;CMU_ClockDivSet
</UL>

<P><STRONG><a name="[4b]"></a>flashWaitStateMax</STRONG> (Thumb, 14 bytes, Stack size 8 bytes, em_cmu.o(.text))
<BR><BR>[Stack]<UL><LI>Max Depth = 16<LI>Call Chain = flashWaitStateMax &rArr; flashWaitStateControl
</UL>
<BR>[Calls]<UL><LI><a href="#[4d]">&gt;&gt;</a>&nbsp;&nbsp;&nbsp;flashWaitStateControl
<LI><a href="#[4c]">&gt;&gt;</a>&nbsp;&nbsp;&nbsp;SystemMaxCoreClockGet
</UL>
<BR>[Called By]<UL><LI><a href="#[60]">&gt;&gt;</a>&nbsp;&nbsp;&nbsp;CMU_HFRCOBandSet
<LI><a href="#[5f]">&gt;&gt;</a>&nbsp;&nbsp;&nbsp;CMU_ClockSelectSet
<LI><a href="#[59]">&gt;&gt;</a>&nbsp;&nbsp;&nbsp;CMU_ClockDivSet
</UL>

<P><STRONG><a name="[4e]"></a>lfClkGet</STRONG> (Thumb, 184 bytes, Stack size 16 bytes, em_cmu.o(.text))
<BR><BR>[Stack]<UL><LI>Max Depth = 24<LI>Call Chain = lfClkGet &rArr; CMU_ClockSelectGet
</UL>
<BR>[Calls]<UL><LI><a href="#[4a]">&gt;&gt;</a>&nbsp;&nbsp;&nbsp;CMU_ClockSelectGet
<LI><a href="#[50]">&gt;&gt;</a>&nbsp;&nbsp;&nbsp;SystemLFXOClockGet
<LI><a href="#[51]">&gt;&gt;</a>&nbsp;&nbsp;&nbsp;SystemULFRCOClockGet
<LI><a href="#[4f]">&gt;&gt;</a>&nbsp;&nbsp;&nbsp;SystemLFRCOClockGet
<LI><a href="#[1d]">&gt;&gt;</a>&nbsp;&nbsp;&nbsp;SystemCoreClockGet
</UL>
<BR>[Called By]<UL><LI><a href="#[40]">&gt;&gt;</a>&nbsp;&nbsp;&nbsp;CMU_ClockFreqGet
</UL>

<P><STRONG><a name="[54]"></a>BUS_RegBitRead</STRONG> (Thumb, 12 bytes, Stack size 0 bytes, em_cmu.o(.text))
<BR><BR>[Called By]<UL><LI><a href="#[56]">&gt;&gt;</a>&nbsp;&nbsp;&nbsp;CMU_CalibrateCountGet
<LI><a href="#[53]">&gt;&gt;</a>&nbsp;&nbsp;&nbsp;CMU_Calibrate
<LI><a href="#[5d]">&gt;&gt;</a>&nbsp;&nbsp;&nbsp;CMU_OscillatorEnable
</UL>

<P><STRONG><a name="[62]"></a>BUS_RegMaskedWrite</STRONG> (Thumb, 10 bytes, Stack size 0 bytes, em_cmu.o(.text), UNUSED)
<BR><BR>[Called By]<UL><LI><a href="#[63]">&gt;&gt;</a>&nbsp;&nbsp;&nbsp;CMU_LFXOInit
<LI><a href="#[61]">&gt;&gt;</a>&nbsp;&nbsp;&nbsp;CMU_HFXOInit
</UL>

<P><STRONG><a name="[5a]"></a>CMU_DivToLog2</STRONG> (Thumb, 18 bytes, Stack size 16 bytes, em_cmu.o(.text))
<BR><BR>[Stack]<UL><LI>Max Depth = 16<LI>Call Chain = CMU_DivToLog2
</UL>
<BR>[Calls]<UL><LI><a href="#[65]">&gt;&gt;</a>&nbsp;&nbsp;&nbsp;__ARM_clz
</UL>
<BR>[Called By]<UL><LI><a href="#[59]">&gt;&gt;</a>&nbsp;&nbsp;&nbsp;CMU_ClockDivSet
</UL>

<P><STRONG><a name="[58]"></a>CMU_Log2ToDiv</STRONG> (Thumb, 8 bytes, Stack size 0 bytes, em_cmu.o(.text), UNUSED)
<BR><BR>[Called By]<UL><LI><a href="#[57]">&gt;&gt;</a>&nbsp;&nbsp;&nbsp;CMU_ClockDivGet
</UL>

<P><STRONG><a name="[48]"></a>SYSTEM_GetProdRev</STRONG> (Thumb, 8 bytes, Stack size 0 bytes, em_cmu.o(.text))
<BR><BR>[Called By]<UL><LI><a href="#[47]">&gt;&gt;</a>&nbsp;&nbsp;&nbsp;auxClkGet
</UL>

<P><STRONG><a name="[5b]"></a>syncReg</STRONG> (Thumb, 30 bytes, Stack size 0 bytes, em_cmu.o(.text))
<BR><BR>[Called By]<UL><LI><a href="#[2d]">&gt;&gt;</a>&nbsp;&nbsp;&nbsp;CMU_ClockEnable
<LI><a href="#[59]">&gt;&gt;</a>&nbsp;&nbsp;&nbsp;CMU_ClockDivSet
</UL>

<P><STRONG><a name="[67]"></a>emuRestore</STRONG> (Thumb, 270 bytes, Stack size 0 bytes, em_emu.o(.text))
<BR><BR>[Called By]<UL><LI><a href="#[68]">&gt;&gt;</a>&nbsp;&nbsp;&nbsp;EMU_EnterEM3
<LI><a href="#[66]">&gt;&gt;</a>&nbsp;&nbsp;&nbsp;EMU_EnterEM2
</UL>

<P><STRONG><a name="[6b]"></a>BUS_RegBitWrite</STRONG> (Thumb, 24 bytes, Stack size 12 bytes, em_gpio.o(.text))
<BR><BR>[Stack]<UL><LI>Max Depth = 12<LI>Call Chain = BUS_RegBitWrite
</UL>
<BR>[Called By]<UL><LI><a href="#[69]">&gt;&gt;</a>&nbsp;&nbsp;&nbsp;GPIO_ExtIntConfig
</UL>

<P><STRONG><a name="[6a]"></a>BUS_RegMaskedWrite</STRONG> (Thumb, 10 bytes, Stack size 0 bytes, em_gpio.o(.text))
<BR><BR>[Called By]<UL><LI><a href="#[69]">&gt;&gt;</a>&nbsp;&nbsp;&nbsp;GPIO_ExtIntConfig
</UL>

<P><STRONG><a name="[6d]"></a>GPIO_PinOutClear</STRONG> (Thumb, 18 bytes, Stack size 8 bytes, em_gpio.o(.text))
<BR><BR>[Stack]<UL><LI>Max Depth = 8<LI>Call Chain = GPIO_PinOutClear
</UL>
<BR>[Called By]<UL><LI><a href="#[2e]">&gt;&gt;</a>&nbsp;&nbsp;&nbsp;GPIO_PinModeSet
</UL>

<P><STRONG><a name="[6c]"></a>GPIO_PinOutSet</STRONG> (Thumb, 18 bytes, Stack size 8 bytes, em_gpio.o(.text))
<BR><BR>[Stack]<UL><LI>Max Depth = 8<LI>Call Chain = GPIO_PinOutSet
</UL>
<BR>[Called By]<UL><LI><a href="#[2e]">&gt;&gt;</a>&nbsp;&nbsp;&nbsp;GPIO_PinModeSet
</UL>

<P><STRONG><a name="[71]"></a>LEUART_Sync</STRONG> (Thumb, 26 bytes, Stack size 0 bytes, em_leuart.o(.text))
<BR><BR>[Called By]<UL><LI><a href="#[79]">&gt;&gt;</a>&nbsp;&nbsp;&nbsp;LEUART_RxDmaInEM2Enable
<LI><a href="#[78]">&gt;&gt;</a>&nbsp;&nbsp;&nbsp;LEUART_TxDmaInEM2Enable
<LI><a href="#[77]">&gt;&gt;</a>&nbsp;&nbsp;&nbsp;LEUART_TxExt
<LI><a href="#[76]">&gt;&gt;</a>&nbsp;&nbsp;&nbsp;LEUART_Tx
<LI><a href="#[73]">&gt;&gt;</a>&nbsp;&nbsp;&nbsp;LEUART_Init
<LI><a href="#[72]">&gt;&gt;</a>&nbsp;&nbsp;&nbsp;LEUART_Enable
<LI><a href="#[70]">&gt;&gt;</a>&nbsp;&nbsp;&nbsp;LEUART_BaudrateSet
</UL>

<P><STRONG><a name="[8b]"></a>BUS_RegBitWrite</STRONG> (Thumb, 24 bytes, Stack size 12 bytes, em_i2c.o(.text))
<BR><BR>[Stack]<UL><LI>Max Depth = 12<LI>Call Chain = BUS_RegBitWrite
</UL>
<BR>[Called By]<UL><LI><a href="#[2f]">&gt;&gt;</a>&nbsp;&nbsp;&nbsp;I2C_Init
<LI><a href="#[8a]">&gt;&gt;</a>&nbsp;&nbsp;&nbsp;I2C_Enable
</UL>

<P><STRONG><a name="[92]"></a>NVIC_EnableIRQ</STRONG> (Thumb, 14 bytes, Stack size 0 bytes, nrf24l01.o(.text), UNUSED)
<BR><BR>[Called By]<UL><LI><a href="#[94]">&gt;&gt;</a>&nbsp;&nbsp;&nbsp;NRF_Read_reg
<LI><a href="#[91]">&gt;&gt;</a>&nbsp;&nbsp;&nbsp;multi_read
</UL>

<P><STRONG><a name="[93]"></a>NVIC_DisableIRQ</STRONG> (Thumb, 16 bytes, Stack size 0 bytes, nrf24l01.o(.text), UNUSED)
<BR><BR>[Called By]<UL><LI><a href="#[94]">&gt;&gt;</a>&nbsp;&nbsp;&nbsp;NRF_Read_reg
<LI><a href="#[91]">&gt;&gt;</a>&nbsp;&nbsp;&nbsp;multi_read
</UL>

<P><STRONG><a name="[8d]"></a>GPIO_PinOutClear</STRONG> (Thumb, 18 bytes, Stack size 8 bytes, nrf24l01.o(.text))
<BR><BR>[Stack]<UL><LI>Max Depth = 8<LI>Call Chain = GPIO_PinOutClear
</UL>
<BR>[Called By]<UL><LI><a href="#[96]">&gt;&gt;</a>&nbsp;&nbsp;&nbsp;Nrf24l01_transmit
<LI><a href="#[95]">&gt;&gt;</a>&nbsp;&nbsp;&nbsp;Config_transmitter
<LI><a href="#[94]">&gt;&gt;</a>&nbsp;&nbsp;&nbsp;NRF_Read_reg
<LI><a href="#[91]">&gt;&gt;</a>&nbsp;&nbsp;&nbsp;multi_read
<LI><a href="#[8c]">&gt;&gt;</a>&nbsp;&nbsp;&nbsp;NRF_Write_reg
</UL>

<P><STRONG><a name="[90]"></a>GPIO_PinOutSet</STRONG> (Thumb, 18 bytes, Stack size 8 bytes, nrf24l01.o(.text))
<BR><BR>[Stack]<UL><LI>Max Depth = 8<LI>Call Chain = GPIO_PinOutSet
</UL>
<BR>[Called By]<UL><LI><a href="#[96]">&gt;&gt;</a>&nbsp;&nbsp;&nbsp;Nrf24l01_transmit
<LI><a href="#[95]">&gt;&gt;</a>&nbsp;&nbsp;&nbsp;Config_transmitter
<LI><a href="#[94]">&gt;&gt;</a>&nbsp;&nbsp;&nbsp;NRF_Read_reg
<LI><a href="#[91]">&gt;&gt;</a>&nbsp;&nbsp;&nbsp;multi_read
<LI><a href="#[8c]">&gt;&gt;</a>&nbsp;&nbsp;&nbsp;NRF_Write_reg
</UL>

<P><STRONG><a name="[9c]"></a>BUS_RegBitWrite</STRONG> (Thumb, 24 bytes, Stack size 12 bytes, em_dma.o(.text), UNUSED)
<BR><BR>[Called By]<UL><LI><a href="#[9d]">&gt;&gt;</a>&nbsp;&nbsp;&nbsp;DMA_ChannelRequestEnable
<LI><a href="#[9b]">&gt;&gt;</a>&nbsp;&nbsp;&nbsp;DMA_CfgChannel
</UL>

<P><STRONG><a name="[98]"></a>DMA_Prepare</STRONG> (Thumb, 174 bytes, Stack size 44 bytes, em_dma.o(.text), UNUSED)
<BR><BR>[Called By]<UL><LI><a href="#[9a]">&gt;&gt;</a>&nbsp;&nbsp;&nbsp;DMA_ActivatePingPong
<LI><a href="#[99]">&gt;&gt;</a>&nbsp;&nbsp;&nbsp;DMA_ActivateBasic
<LI><a href="#[97]">&gt;&gt;</a>&nbsp;&nbsp;&nbsp;DMA_ActivateAuto
</UL>

<P><STRONG><a name="[a1]"></a>BUS_RegBitWrite</STRONG> (Thumb, 24 bytes, Stack size 12 bytes, em_rmu.o(.text))
<BR><BR>[Stack]<UL><LI>Max Depth = 12<LI>Call Chain = BUS_RegBitWrite
</UL>
<BR>[Called By]<UL><LI><a href="#[a2]">&gt;&gt;</a>&nbsp;&nbsp;&nbsp;RMU_ResetCauseClear
<LI><a href="#[a0]">&gt;&gt;</a>&nbsp;&nbsp;&nbsp;RMU_ResetControl
</UL>

<P><STRONG><a name="[a3]"></a>performMeasurements</STRONG> (Thumb, 22 bytes, Stack size 16 bytes, weatherstation.o(.text))
<BR><BR>[Stack]<UL><LI>Max Depth = 200<LI>Call Chain = performMeasurements &rArr; Si7013_MeasureRHAndTemp &rArr; Si7013_Measure &rArr; I2CSPM_Transfer &rArr; I2C_TransferInit &rArr; I2C_Transfer &rArr; __ARM_common_switch8
</UL>
<BR>[Calls]<UL><LI><a href="#[28]">&gt;&gt;</a>&nbsp;&nbsp;&nbsp;Si7013_MeasureRHAndTemp
</UL>
<BR>[Called By]<UL><LI><a href="#[17]">&gt;&gt;</a>&nbsp;&nbsp;&nbsp;main
</UL>

<P><STRONG><a name="[c1]"></a>MeasurePressure</STRONG> (Thumb, 434 bytes, Stack size 0 bytes, weatherstation.o(.text))
<BR><BR>[Called By]<UL><LI><a href="#[17]">&gt;&gt;</a>&nbsp;&nbsp;&nbsp;main
</UL>

<P><STRONG><a name="[b3]"></a>spiInit</STRONG> (Thumb, 180 bytes, Stack size 32 bytes, weatherstation.o(.text))
<BR><BR>[Stack]<UL><LI>Max Depth = 112<LI>Call Chain = spiInit &rArr; USART_InitSync &rArr; USART_BaudrateSyncSet &rArr; CMU_ClockFreqGet &rArr; lfClkGet &rArr; CMU_ClockSelectGet
</UL>
<BR>[Calls]<UL><LI><a href="#[2e]">&gt;&gt;</a>&nbsp;&nbsp;&nbsp;GPIO_PinModeSet
<LI><a href="#[2d]">&gt;&gt;</a>&nbsp;&nbsp;&nbsp;CMU_ClockEnable
<LI><a href="#[a8]">&gt;&gt;</a>&nbsp;&nbsp;&nbsp;__aeabi_memcpy4
<LI><a href="#[b6]">&gt;&gt;</a>&nbsp;&nbsp;&nbsp;USART_IntClear
<LI><a href="#[b4]">&gt;&gt;</a>&nbsp;&nbsp;&nbsp;GPIO_PinOutSet
<LI><a href="#[b5]">&gt;&gt;</a>&nbsp;&nbsp;&nbsp;GPIO_PinOutClear
<LI><a href="#[b7]">&gt;&gt;</a>&nbsp;&nbsp;&nbsp;NVIC_ClearPendingIRQ
<LI><a href="#[84]">&gt;&gt;</a>&nbsp;&nbsp;&nbsp;USART_InitSync
</UL>
<BR>[Called By]<UL><LI><a href="#[17]">&gt;&gt;</a>&nbsp;&nbsp;&nbsp;main
</UL>

<P><STRONG><a name="[b8]"></a>init_usart</STRONG> (Thumb, 152 bytes, Stack size 24 bytes, weatherstation.o(.text))
<BR><BR>[Stack]<UL><LI>Max Depth = 112<LI>Call Chain = init_usart &rArr; LEUART_Init &rArr; LEUART_BaudrateSet &rArr; CMU_ClockFreqGet &rArr; lfClkGet &rArr; CMU_ClockSelectGet
</UL>
<BR>[Calls]<UL><LI><a href="#[2e]">&gt;&gt;</a>&nbsp;&nbsp;&nbsp;GPIO_PinModeSet
<LI><a href="#[5f]">&gt;&gt;</a>&nbsp;&nbsp;&nbsp;CMU_ClockSelectSet
<LI><a href="#[2d]">&gt;&gt;</a>&nbsp;&nbsp;&nbsp;CMU_ClockEnable
<LI><a href="#[b9]">&gt;&gt;</a>&nbsp;&nbsp;&nbsp;LEUART_IntClear
<LI><a href="#[b7]">&gt;&gt;</a>&nbsp;&nbsp;&nbsp;NVIC_ClearPendingIRQ
<LI><a href="#[ba]">&gt;&gt;</a>&nbsp;&nbsp;&nbsp;NVIC_EnableIRQ
<LI><a href="#[73]">&gt;&gt;</a>&nbsp;&nbsp;&nbsp;LEUART_Init
<LI><a href="#[72]">&gt;&gt;</a>&nbsp;&nbsp;&nbsp;LEUART_Enable
</UL>
<BR>[Called By]<UL><LI><a href="#[17]">&gt;&gt;</a>&nbsp;&nbsp;&nbsp;main
</UL>

<P><STRONG><a name="[bb]"></a>adcInit</STRONG> (Thumb, 94 bytes, Stack size 24 bytes, weatherstation.o(.text))
<BR><BR>[Stack]<UL><LI>Max Depth = 104<LI>Call Chain = adcInit &rArr; ADC_Init &rArr; ADC_PrescaleCalc &rArr; CMU_ClockFreqGet &rArr; lfClkGet &rArr; CMU_ClockSelectGet
</UL>
<BR>[Calls]<UL><LI><a href="#[44]">&gt;&gt;</a>&nbsp;&nbsp;&nbsp;ADC_InitSingle
<LI><a href="#[42]">&gt;&gt;</a>&nbsp;&nbsp;&nbsp;ADC_Init
<LI><a href="#[2d]">&gt;&gt;</a>&nbsp;&nbsp;&nbsp;CMU_ClockEnable
<LI><a href="#[b7]">&gt;&gt;</a>&nbsp;&nbsp;&nbsp;NVIC_ClearPendingIRQ
<LI><a href="#[ba]">&gt;&gt;</a>&nbsp;&nbsp;&nbsp;NVIC_EnableIRQ
</UL>
<BR>[Called By]<UL><LI><a href="#[17]">&gt;&gt;</a>&nbsp;&nbsp;&nbsp;main
</UL>

<P><STRONG><a name="[bc]"></a>gpioSetup</STRONG> (Thumb, 150 bytes, Stack size 32 bytes, weatherstation.o(.text))
<BR><BR>[Stack]<UL><LI>Max Depth = 76<LI>Call Chain = gpioSetup &rArr; CMU_ClockEnable &rArr; BUS_RegBitWrite
</UL>
<BR>[Calls]<UL><LI><a href="#[69]">&gt;&gt;</a>&nbsp;&nbsp;&nbsp;GPIO_ExtIntConfig
<LI><a href="#[2e]">&gt;&gt;</a>&nbsp;&nbsp;&nbsp;GPIO_PinModeSet
<LI><a href="#[2d]">&gt;&gt;</a>&nbsp;&nbsp;&nbsp;CMU_ClockEnable
<LI><a href="#[b5]">&gt;&gt;</a>&nbsp;&nbsp;&nbsp;GPIO_PinOutClear
</UL>
<BR>[Called By]<UL><LI><a href="#[17]">&gt;&gt;</a>&nbsp;&nbsp;&nbsp;main
</UL>

<P><STRONG><a name="[ba]"></a>NVIC_EnableIRQ</STRONG> (Thumb, 14 bytes, Stack size 0 bytes, weatherstation.o(.text))
<BR><BR>[Called By]<UL><LI><a href="#[bd]">&gt;&gt;</a>&nbsp;&nbsp;&nbsp;rtcSetup
<LI><a href="#[bb]">&gt;&gt;</a>&nbsp;&nbsp;&nbsp;adcInit
<LI><a href="#[b8]">&gt;&gt;</a>&nbsp;&nbsp;&nbsp;init_usart
</UL>

<P><STRONG><a name="[b7]"></a>NVIC_ClearPendingIRQ</STRONG> (Thumb, 14 bytes, Stack size 0 bytes, weatherstation.o(.text))
<BR><BR>[Called By]<UL><LI><a href="#[bb]">&gt;&gt;</a>&nbsp;&nbsp;&nbsp;adcInit
<LI><a href="#[b8]">&gt;&gt;</a>&nbsp;&nbsp;&nbsp;init_usart
<LI><a href="#[b3]">&gt;&gt;</a>&nbsp;&nbsp;&nbsp;spiInit
</UL>

<P><STRONG><a name="[b5]"></a>GPIO_PinOutClear</STRONG> (Thumb, 18 bytes, Stack size 8 bytes, weatherstation.o(.text))
<BR><BR>[Stack]<UL><LI>Max Depth = 8<LI>Call Chain = GPIO_PinOutClear
</UL>
<BR>[Called By]<UL><LI><a href="#[17]">&gt;&gt;</a>&nbsp;&nbsp;&nbsp;main
<LI><a href="#[bc]">&gt;&gt;</a>&nbsp;&nbsp;&nbsp;gpioSetup
<LI><a href="#[b3]">&gt;&gt;</a>&nbsp;&nbsp;&nbsp;spiInit
</UL>

<P><STRONG><a name="[b4]"></a>GPIO_PinOutSet</STRONG> (Thumb, 18 bytes, Stack size 8 bytes, weatherstation.o(.text))
<BR><BR>[Stack]<UL><LI>Max Depth = 8<LI>Call Chain = GPIO_PinOutSet
</UL>
<BR>[Called By]<UL><LI><a href="#[17]">&gt;&gt;</a>&nbsp;&nbsp;&nbsp;main
<LI><a href="#[b3]">&gt;&gt;</a>&nbsp;&nbsp;&nbsp;spiInit
</UL>

<P><STRONG><a name="[b6]"></a>USART_IntClear</STRONG> (Thumb, 4 bytes, Stack size 0 bytes, weatherstation.o(.text))
<BR><BR>[Called By]<UL><LI><a href="#[e]">&gt;&gt;</a>&nbsp;&nbsp;&nbsp;USART1_RX_IRQHandler
<LI><a href="#[b3]">&gt;&gt;</a>&nbsp;&nbsp;&nbsp;spiInit
</UL>

<P><STRONG><a name="[b9]"></a>LEUART_IntClear</STRONG> (Thumb, 4 bytes, Stack size 0 bytes, weatherstation.o(.text))
<BR><BR>[Called By]<UL><LI><a href="#[10]">&gt;&gt;</a>&nbsp;&nbsp;&nbsp;LEUART0_IRQHandler
<LI><a href="#[b8]">&gt;&gt;</a>&nbsp;&nbsp;&nbsp;init_usart
</UL>

<P><STRONG><a name="[bf]"></a>RTC_IntEnable</STRONG> (Thumb, 12 bytes, Stack size 0 bytes, weatherstation.o(.text))
<BR><BR>[Called By]<UL><LI><a href="#[17]">&gt;&gt;</a>&nbsp;&nbsp;&nbsp;main
<LI><a href="#[bd]">&gt;&gt;</a>&nbsp;&nbsp;&nbsp;rtcSetup
</UL>

<P><STRONG><a name="[db]"></a>_fp_digits</STRONG> (Thumb, 344 bytes, Stack size 64 bytes, printfa.o(i._fp_digits), UNUSED)
<BR><BR>[Calls]<UL><LI><a href="#[7e]">&gt;&gt;</a>&nbsp;&nbsp;&nbsp;__aeabi_uldivmod
<LI><a href="#[b1]">&gt;&gt;</a>&nbsp;&nbsp;&nbsp;__aeabi_dmul
<LI><a href="#[d6]">&gt;&gt;</a>&nbsp;&nbsp;&nbsp;__aeabi_ddiv
<LI><a href="#[d2]">&gt;&gt;</a>&nbsp;&nbsp;&nbsp;__aeabi_dadd
<LI><a href="#[d7]">&gt;&gt;</a>&nbsp;&nbsp;&nbsp;__aeabi_d2ulz
<LI><a href="#[dc]">&gt;&gt;</a>&nbsp;&nbsp;&nbsp;__aeabi_cdrcmple
</UL>
<BR>[Called By]<UL><LI><a href="#[da]">&gt;&gt;</a>&nbsp;&nbsp;&nbsp;_printf_core
</UL>

<P><STRONG><a name="[da]"></a>_printf_core</STRONG> (Thumb, 1754 bytes, Stack size 128 bytes, printfa.o(i._printf_core), UNUSED)
<BR><BR>[Calls]<UL><LI><a href="#[7e]">&gt;&gt;</a>&nbsp;&nbsp;&nbsp;__aeabi_uldivmod
<LI><a href="#[41]">&gt;&gt;</a>&nbsp;&nbsp;&nbsp;__aeabi_uidivmod
<LI><a href="#[dd]">&gt;&gt;</a>&nbsp;&nbsp;&nbsp;_printf_pre_padding
<LI><a href="#[de]">&gt;&gt;</a>&nbsp;&nbsp;&nbsp;_printf_post_padding
<LI><a href="#[db]">&gt;&gt;</a>&nbsp;&nbsp;&nbsp;_fp_digits
</UL>
<BR>[Called By]<UL><LI><a href="#[d9]">&gt;&gt;</a>&nbsp;&nbsp;&nbsp;__0sprintf
</UL>

<P><STRONG><a name="[de]"></a>_printf_post_padding</STRONG> (Thumb, 32 bytes, Stack size 24 bytes, printfa.o(i._printf_post_padding), UNUSED)
<BR><BR>[Called By]<UL><LI><a href="#[da]">&gt;&gt;</a>&nbsp;&nbsp;&nbsp;_printf_core
</UL>

<P><STRONG><a name="[dd]"></a>_printf_pre_padding</STRONG> (Thumb, 44 bytes, Stack size 40 bytes, printfa.o(i._printf_pre_padding), UNUSED)
<BR><BR>[Called By]<UL><LI><a href="#[da]">&gt;&gt;</a>&nbsp;&nbsp;&nbsp;_printf_core
</UL>

<P><STRONG><a name="[1a]"></a>_sputc</STRONG> (Thumb, 10 bytes, Stack size 0 bytes, printfa.o(i._sputc))
<BR><BR>[Called By]<UL><LI><a href="#[d9]">&gt;&gt;</a>&nbsp;&nbsp;&nbsp;__0sprintf
</UL>
<BR>[Address Reference Count : 1]<UL><LI> printfa.o(i.__0sprintf)
</UL><P>
<H3>
Undefined Global Symbols
</H3><HR></body></html>
